Component: ARM Compiler 6.7 Tool: armlink [5c9ef700]

==============================================================================

Section Cross References

    main.o(.text.SetTxAsInput) refers to gd32l23x_gpio.o(.text.gpio_mode_set) for gpio_mode_set
    main.o(.ARM.exidx.text.SetTxAsInput) refers to main.o(.text.SetTxAsInput) for [Anonymous Symbol]
    main.o(.text.SetToHostUartTxPin) refers to gd32l23x_gpio.o(.text.gpio_mode_set) for gpio_mode_set
    main.o(.text.SetToHostUartTxPin) refers to gd32l23x_gpio.o(.text.gpio_output_options_set) for gpio_output_options_set
    main.o(.ARM.exidx.text.SetToHostUartTxPin) refers to main.o(.text.SetToHostUartTxPin) for [Anonymous Symbol]
    main.o(.text.CheckForPwrStatus) refers to main.o(.bss.DbgSetPwrOn) for DbgSetPwrOn
    main.o(.text.CheckForPwrStatus) refers to gpio.o(.bss.Motor) for Motor
    main.o(.text.CheckForPwrStatus) refers to uart_to_host.o(.bss.UartHostInf) for UartHostInf
    main.o(.text.CheckForPwrStatus) refers to main.o(.bss.CnvBatVol) for CnvBatVol
    main.o(.text.CheckForPwrStatus) refers to main.o(.bss.DlyTkeyBL) for DlyTkeyBL
    main.o(.ARM.exidx.text.CheckForPwrStatus) refers to main.o(.text.CheckForPwrStatus) for [Anonymous Symbol]
    main.o(.text.PowerService) refers to main.o(.text.CheckForPwrStatus) for CheckForPwrStatus
    main.o(.text.PowerService) refers to uart_dbg.o(.text.m_printf) for m_printf
    main.o(.text.PowerService) refers to gd32l23x_gpio.o(.text.gpio_bit_reset) for gpio_bit_reset
    main.o(.text.PowerService) refers to main.o(.text.SetTxAsInput) for SetTxAsInput
    main.o(.text.PowerService) refers to gd32l23x_exti.o(.text.exti_interrupt_flag_clear) for exti_interrupt_flag_clear
    main.o(.text.PowerService) refers to gd32l23x_pmu.o(.text.pmu_to_deepsleepmode) for pmu_to_deepsleepmode
    main.o(.text.PowerService) refers to gd32l23x_gpio.o(.text.gpio_bit_set) for gpio_bit_set
    main.o(.text.PowerService) refers to gd32l23x_gpio.o(.text.gpio_mode_set) for gpio_mode_set
    main.o(.text.PowerService) refers to main.o(.text.SetToHostUartTxPin) for SetToHostUartTxPin
    main.o(.text.PowerService) refers to main.o(.bss.PowerStatus) for PowerStatus
    main.o(.text.PowerService) refers to main.o(.bss.PowerStatusDly) for PowerStatusDly
    main.o(.text.PowerService) refers to main.o(.bss.EnSetHostInt) for EnSetHostInt
    main.o(.text.PowerService) refers to main.o(.bss.lpuart_wakeup) for lpuart_wakeup
    main.o(.text.PowerService) refers to main.o(.bss.CntSysTick) for CntSysTick
    main.o(.text.PowerService) refers to main.o(.rodata.str1.1) for .L.str.2
    main.o(.ARM.exidx.text.PowerService) refers to main.o(.text.PowerService) for [Anonymous Symbol]
    main.o(.ARM.exidx.text.CallPer10mS) refers to main.o(.text.CallPer10mS) for [Anonymous Symbol]
    main.o(.text.InitAdc) refers to gd32l23x_rcu.o(.text.rcu_periph_clock_enable) for rcu_periph_clock_enable
    main.o(.text.InitAdc) refers to gd32l23x_rcu.o(.text.rcu_adc_clock_config) for rcu_adc_clock_config
    main.o(.text.InitAdc) refers to gd32l23x_adc.o(.text.adc_channel_length_config) for adc_channel_length_config
    main.o(.text.InitAdc) refers to gd32l23x_adc.o(.text.adc_data_alignment_config) for adc_data_alignment_config
    main.o(.text.InitAdc) refers to gd32l23x_adc.o(.text.adc_regular_channel_config) for adc_regular_channel_config
    main.o(.text.InitAdc) refers to gd32l23x_adc.o(.text.adc_external_trigger_source_config) for adc_external_trigger_source_config
    main.o(.text.InitAdc) refers to gd32l23x_adc.o(.text.adc_external_trigger_config) for adc_external_trigger_config
    main.o(.ARM.exidx.text.InitAdc) refers to main.o(.text.InitAdc) for [Anonymous Symbol]
    main.o(.text.CheckBatVoltage) refers to main.o(.text.InitAdc) for InitAdc
    main.o(.text.CheckBatVoltage) refers to gd32l23x_adc.o(.text.adc_enable) for adc_enable
    main.o(.text.CheckBatVoltage) refers to gd32l23x_adc.o(.text.adc_calibration_enable) for adc_calibration_enable
    main.o(.text.CheckBatVoltage) refers to gd32l23x_adc.o(.text.adc_software_trigger_enable) for adc_software_trigger_enable
    main.o(.text.CheckBatVoltage) refers to gd32l23x_adc.o(.text.adc_flag_get) for adc_flag_get
    main.o(.text.CheckBatVoltage) refers to gd32l23x_adc.o(.text.adc_flag_clear) for adc_flag_clear
    main.o(.text.CheckBatVoltage) refers to gd32l23x_adc.o(.text.adc_regular_data_read) for adc_regular_data_read
    main.o(.text.CheckBatVoltage) refers to uart_dbg.o(.text.m_printf) for m_printf
    main.o(.text.CheckBatVoltage) refers to gd32l23x_adc.o(.text.adc_disable) for adc_disable
    main.o(.text.CheckBatVoltage) refers to gd32l23x_rcu.o(.text.rcu_periph_clock_disable) for rcu_periph_clock_disable
    main.o(.text.CheckBatVoltage) refers to main.o(.bss.CnvBatVol) for CnvBatVol
    main.o(.text.CheckBatVoltage) refers to gpio.o(.bss.Motor) for Motor
    main.o(.text.CheckBatVoltage) refers to main.o(.bss.CntSysTick) for CntSysTick
[...]
    Removing gd32l23x_ctc.o(.ARM.exidx.text.ctc_interrupt_disable), (8 bytes).
    Removing gd32l23x_ctc.o(.text.ctc_interrupt_flag_get), (108 bytes).
    Removing gd32l23x_ctc.o(.ARM.exidx.text.ctc_interrupt_flag_get), (8 bytes).
    Removing gd32l23x_ctc.o(.text.ctc_interrupt_flag_clear), (52 bytes).
    Removing gd32l23x_ctc.o(.ARM.exidx.text.ctc_interrupt_flag_clear), (8 bytes).
    Removing gd32l23x_ctc.o(.text.ctc_flag_get), (48 bytes).
    Removing gd32l23x_ctc.o(.ARM.exidx.text.ctc_flag_get), (8 bytes).
    Removing gd32l23x_ctc.o(.text.ctc_flag_clear), (52 bytes).
    Removing gd32l23x_ctc.o(.ARM.exidx.text.ctc_flag_clear), (8 bytes).
    Removing gd32l23x_lptimer.o(.text), (0 bytes).
    Removing gd32l23x_lptimer.o(.text.lptimer_deinit), (28 bytes).
    Removing gd32l23x_lptimer.o(.ARM.exidx.text.lptimer_deinit), (8 bytes).
    Removing gd32l23x_lptimer.o(.text.lptimer_struct_para_init), (54 bytes).
    Removing gd32l23x_lptimer.o(.ARM.exidx.text.lptimer_struct_para_init), (8 bytes).
    Removing gd32l23x_lptimer.o(.text.lptimer_init), (152 bytes).
    Removing gd32l23x_lptimer.o(.ARM.exidx.text.lptimer_init), (8 bytes).
    Removing gd32l23x_lptimer.o(.text.lptimer_inputremap), (32 bytes).
    Removing gd32l23x_lptimer.o(.ARM.exidx.text.lptimer_inputremap), (8 bytes).
    Removing gd32l23x_lptimer.o(.text.lptimer_register_shadow_enable), (20 bytes).
    Removing gd32l23x_lptimer.o(.ARM.exidx.text.lptimer_register_shadow_enable), (8 bytes).
    Removing gd32l23x_lptimer.o(.text.lptimer_register_shadow_disable), (20 bytes).
    Removing gd32l23x_lptimer.o(.ARM.exidx.text.lptimer_register_shadow_disable), (8 bytes).
    Removing gd32l23x_lptimer.o(.text.lptimer_timeout_enable), (20 bytes).
    Removing gd32l23x_lptimer.o(.ARM.exidx.text.lptimer_timeout_enable), (8 bytes).
    Removing gd32l23x_lptimer.o(.text.lptimer_timeout_disable), (20 bytes).
    Removing gd32l23x_lptimer.o(.ARM.exidx.text.lptimer_timeout_disable), (8 bytes).
    Removing gd32l23x_lptimer.o(.text.lptimer_countinue_start), (140 bytes).
    Removing gd32l23x_lptimer.o(.ARM.exidx.text.lptimer_countinue_start), (8 bytes).
    Removing gd32l23x_lptimer.o(.text.lptimer_single_start), (140 bytes).
    Removing gd32l23x_lptimer.o(.ARM.exidx.text.lptimer_single_start), (8 bytes).
    Removing gd32l23x_lptimer.o(.text.lptimer_stop), (16 bytes).
    Removing gd32l23x_lptimer.o(.ARM.exidx.text.lptimer_stop), (8 bytes).
    Removing gd32l23x_lptimer.o(.text.lptimer_counter_read), (24 bytes).
    Removing gd32l23x_lptimer.o(.ARM.exidx.text.lptimer_counter_read), (8 bytes).
    Removing gd32l23x_lptimer.o(.text.lptimer_autoreload_read), (24 bytes).
    Removing gd32l23x_lptimer.o(.ARM.exidx.text.lptimer_autoreload_read), (8 bytes).
    Removing gd32l23x_lptimer.o(.text.lptimer_compare_read), (24 bytes).
    Removing gd32l23x_lptimer.o(.ARM.exidx.text.lptimer_compare_read), (8 bytes).
    Removing gd32l23x_lptimer.o(.text.lptimer_autoreload_value_config), (24 bytes).
    Removing gd32l23x_lptimer.o(.ARM.exidx.text.lptimer_autoreload_value_config), (8 bytes).
    Removing gd32l23x_lptimer.o(.text.lptimer_compare_value_config), (24 bytes).
    Removing gd32l23x_lptimer.o(.ARM.exidx.text.lptimer_compare_value_config), (8 bytes).
    Removing gd32l23x_lptimer.o(.text.lptimer_decodemode0_enable), (28 bytes).
    Removing gd32l23x_lptimer.o(.ARM.exidx.text.lptimer_decodemode0_enable), (8 bytes).
    Removing gd32l23x_lptimer.o(.text.lptimer_decodemode1_enable), (20 bytes).
    Removing gd32l23x_lptimer.o(.ARM.exidx.text.lptimer_decodemode1_enable), (8 bytes).
    Removing gd32l23x_lptimer.o(.text.lptimer_decodemode_disable), (20 bytes).
    Removing gd32l23x_lptimer.o(.ARM.exidx.text.lptimer_decodemode_disable), (8 bytes).
    Removing gd32l23x_lptimer.o(.text.lptimer_highlevelcounter_enable), (40 bytes).
    Removing gd32l23x_lptimer.o(.ARM.exidx.text.lptimer_highlevelcounter_enable), (8 bytes).
    Removing gd32l23x_lptimer.o(.text.lptimer_highlevelcounter_disable), (20 bytes).
    Removing gd32l23x_lptimer.o(.ARM.exidx.text.lptimer_highlevelcounter_disable), (8 bytes).
    Removing gd32l23x_lptimer.o(.text.lptimer_flag_get), (48 bytes).
    Removing gd32l23x_lptimer.o(.ARM.exidx.text.lptimer_flag_get), (8 bytes).
    Removing gd32l23x_lptimer.o(.text.lptimer_flag_clear), (28 bytes).
    Removing gd32l23x_lptimer.o(.ARM.exidx.text.lptimer_flag_clear), (8 bytes).
    Removing gd32l23x_lptimer.o(.text.lptimer_interrupt_enable), (28 bytes).
    Removing gd32l23x_lptimer.o(.ARM.exidx.text.lptimer_interrupt_enable), (8 bytes).
    Removing gd32l23x_lptimer.o(.text.lptimer_interrupt_disable), (28 bytes).
    Removing gd32l23x_lptimer.o(.ARM.exidx.text.lptimer_interrupt_disable), (8 bytes).
    Removing gd32l23x_lptimer.o(.text.lptimer_interrupt_flag_get), (72 bytes).
    Removing gd32l23x_lptimer.o(.ARM.exidx.text.lptimer_interrupt_flag_get), (8 bytes).
    Removing gd32l23x_lptimer.o(.text.lptimer_interrupt_flag_clear), (28 bytes).
    Removing gd32l23x_lptimer.o(.ARM.exidx.text.lptimer_interrupt_flag_clear), (8 bytes).
    Removing gd32l23x_slcd.o(.text), (0 bytes).
    Removing gd32l23x_slcd.o(.text.slcd_deinit), (28 bytes).
    Removing gd32l23x_slcd.o(.ARM.exidx.text.slcd_deinit), (8 bytes).
    Removing gd32l23x_slcd.o(.text.slcd_enable), (16 bytes).
    Removing gd32l23x_slcd.o(.ARM.exidx.text.slcd_enable), (8 bytes).
    Removing gd32l23x_slcd.o(.text.slcd_disable), (16 bytes).
    Removing gd32l23x_slcd.o(.ARM.exidx.text.slcd_disable), (8 bytes).
    Removing gd32l23x_slcd.o(.text.slcd_init), (104 bytes).
    Removing gd32l23x_slcd.o(.ARM.exidx.text.slcd_init), (8 bytes).
    Removing gd32l23x_slcd.o(.text.slcd_enhance_mode_enable), (20 bytes).
    Removing gd32l23x_slcd.o(.ARM.exidx.text.slcd_enhance_mode_enable), (8 bytes).
    Removing gd32l23x_slcd.o(.text.slcd_enhance_mode_disable), (20 bytes).
    Removing gd32l23x_slcd.o(.ARM.exidx.text.slcd_enhance_mode_disable), (8 bytes).
    Removing gd32l23x_slcd.o(.text.slcd_bias_voltage_select), (36 bytes).
    Removing gd32l23x_slcd.o(.ARM.exidx.text.slcd_bias_voltage_select), (8 bytes).
    Removing gd32l23x_slcd.o(.text.slcd_duty_select), (36 bytes).
    Removing gd32l23x_slcd.o(.ARM.exidx.text.slcd_duty_select), (8 bytes).
    Removing gd32l23x_slcd.o(.text.slcd_clock_config), (56 bytes).
    Removing gd32l23x_slcd.o(.ARM.exidx.text.slcd_clock_config), (8 bytes).
    Removing gd32l23x_slcd.o(.text.slcd_blink_mode_config), (56 bytes).
    Removing gd32l23x_slcd.o(.ARM.exidx.text.slcd_blink_mode_config), (8 bytes).
    Removing gd32l23x_slcd.o(.text.slcd_contrast_ratio_config), (44 bytes).
    Removing gd32l23x_slcd.o(.ARM.exidx.text.slcd_contrast_ratio_config), (8 bytes).
    Removing gd32l23x_slcd.o(.text.slcd_dead_time_config), (44 bytes).
    Removing gd32l23x_slcd.o(.ARM.exidx.text.slcd_dead_time_config), (8 bytes).
    Removing gd32l23x_slcd.o(.text.slcd_pulse_on_duration_config), (44 bytes).
    Removing gd32l23x_slcd.o(.ARM.exidx.text.slcd_pulse_on_duration_config), (8 bytes).
    Removing gd32l23x_slcd.o(.text.slcd_com_seg_remap), (52 bytes).
    Removing gd32l23x_slcd.o(.ARM.exidx.text.slcd_com_seg_remap), (8 bytes).
    Removing gd32l23x_slcd.o(.text.slcd_voltage_source_select), (52 bytes).
    Removing gd32l23x_slcd.o(.ARM.exidx.text.slcd_voltage_source_select), (8 bytes).
    Removing gd32l23x_slcd.o(.text.slcd_high_drive_config), (52 bytes).
    Removing gd32l23x_slcd.o(.ARM.exidx.text.slcd_high_drive_config), (8 bytes).
    Removing gd32l23x_slcd.o(.text.slcd_data_register_write), (36 bytes).
    Removing gd32l23x_slcd.o(.ARM.exidx.text.slcd_data_register_write), (8 bytes).
    Removing gd32l23x_slcd.o(.text.slcd_data_update_request), (16 bytes).
    Removing gd32l23x_slcd.o(.ARM.exidx.text.slcd_data_update_request), (8 bytes).
    Removing gd32l23x_slcd.o(.text.slcd_flag_get), (48 bytes).
    Removing gd32l23x_slcd.o(.ARM.exidx.text.slcd_flag_get), (8 bytes).
    Removing gd32l23x_slcd.o(.text.slcd_flag_clear), (24 bytes).
    Removing gd32l23x_slcd.o(.ARM.exidx.text.slcd_flag_clear), (8 bytes).
    Removing gd32l23x_slcd.o(.text.slcd_interrupt_enable), (28 bytes).
    Removing gd32l23x_slcd.o(.ARM.exidx.text.slcd_interrupt_enable), (8 bytes).
    Removing gd32l23x_slcd.o(.text.slcd_interrupt_disable), (28 bytes).
    Removing gd32l23x_slcd.o(.ARM.exidx.text.slcd_interrupt_disable), (8 bytes).
    Removing gd32l23x_slcd.o(.text.slcd_interrupt_flag_get), (72 bytes).
    Removing gd32l23x_slcd.o(.ARM.exidx.text.slcd_interrupt_flag_get), (8 bytes).
    Removing gd32l23x_slcd.o(.text.slcd_interrupt_flag_clear), (24 bytes).
    Removing gd32l23x_slcd.o(.ARM.exidx.text.slcd_interrupt_flag_clear), (8 bytes).
    Removing startup_gd32l23x.o(HEAP), (1024 bytes).
    Removing systick.o(.text), (0 bytes).
    Removing systick.o(.ARM.exidx.text.systick_config), (8 bytes).
    Removing systick.o(.ARM.exidx.text.SysTick_Config), (8 bytes).
    Removing systick.o(.ARM.exidx.text.__NVIC_SetPriority), (8 bytes).
    Removing systick.o(.ARM.exidx.text.SysTick_Handler), (8 bytes).
    Removing uart_dbg.o(.text), (0 bytes).
    Removing uart_dbg.o(.ARM.exidx.text.UartDbgInit), (8 bytes).
    Removing uart_dbg.o(.ARM.exidx.text.USART0_IRQHandler), (8 bytes).
    Removing uart_dbg.o(.ARM.exidx.text.ReqDbgSndChar), (8 bytes).
    Removing uart_dbg.o(.ARM.exidx.text.m_pow), (8 bytes).
    Removing uart_dbg.o(.ARM.exidx.text.m_printf), (8 bytes).
    Removing uart_dbg.o(.ARM.exidx.text.aToUShort), (8 bytes).
    Removing uart_dbg.o(.ARM.exidx.text.SetPrint), (8 bytes).
    Removing uart_dbg.o(.ARM.exidx.text.ShowDevConfig), (8 bytes).
    Removing uart_dbg.o(.ARM.exidx.text.CtrlMotor), (8 bytes).
    Removing uart_dbg.o(.ARM.exidx.text.SetPwmConfig), (8 bytes).
    Removing uart_dbg.o(.ARM.exidx.text.PrintCmdChar), (8 bytes).
    Removing uart_dbg.o(.ARM.exidx.text.HandleCmd), (8 bytes).
    Removing uart_dbg.o(.ARM.exidx.text.DbgUartService), (8 bytes).
    Removing gpio.o(.text), (0 bytes).
    Removing gpio.o(.text.ResetMotorPwmStatus), (88 bytes).
    Removing gpio.o(.ARM.exidx.text.ResetMotorPwmStatus), (8 bytes).
    Removing gpio.o(.text.SetMotorPwm), (232 bytes).
    Removing gpio.o(.ARM.exidx.text.SetMotorPwm), (8 bytes).
    Removing gpio.o(.text.SetMotorAction), (368 bytes).
    Removing gpio.o(.ARM.exidx.text.SetMotorAction), (8 bytes).
    Removing gpio.o(.text.MotorService), (416 bytes).
    Removing gpio.o(.ARM.exidx.text.MotorService), (8 bytes).
    Removing gpio.o(.ARM.exidx.text.GpioInit), (8 bytes).
    Removing gpio.o(.ARM.exidx.text.EXTI1_IRQHandler), (8 bytes).
    Removing gpio.o(.ARM.exidx.text.EXTI5_9_IRQHandler), (8 bytes).
    Removing gpio.o(.ARM.exidx.text.EXTI10_15_IRQHandler), (8 bytes).
    Removing gpio.o(.rodata.str1.1), (85 bytes).
    Removing uart_to_host.o(.text), (0 bytes).
    Removing uart_to_host.o(.text.UartToHostInit), (252 bytes).
    Removing uart_to_host.o(.ARM.exidx.text.UartToHostInit), (8 bytes).
    Removing uart_to_host.o(.ARM.exidx.text.LPUART_IRQHandler), (8 bytes).
    Removing uart_to_host.o(.text.AddReplay), (92 bytes).
    Removing uart_to_host.o(.ARM.exidx.text.AddReplay), (8 bytes).
    Removing uart_to_host.o(.text.ReqSndHostUart), (280 bytes).
    Removing uart_to_host.o(.ARM.exidx.text.ReqSndHostUart), (8 bytes).
    Removing uart_to_host.o(.text.CheckUartToHost), (264 bytes).
    Removing uart_to_host.o(.ARM.exidx.text.CheckUartToHost), (8 bytes).
    Removing uart_to_host.o(.text.GetSoftVer), (56 bytes).
    Removing uart_to_host.o(.ARM.exidx.text.GetSoftVer), (8 bytes).
    Removing uart_to_host.o(.text.SetDevConfig), (20 bytes).
    Removing uart_to_host.o(.ARM.exidx.text.SetDevConfig), (8 bytes).
    Removing uart_to_host.o(.text.ReqMotorAct), (88 bytes).
    Removing uart_to_host.o(.ARM.exidx.text.ReqMotorAct), (8 bytes).
    Removing uart_to_host.o(.text.SetUnlockSteps), (168 bytes).
    Removing uart_to_host.o(.ARM.exidx.text.SetUnlockSteps), (8 bytes).
    Removing uart_to_host.o(.text.GetUnlockSteps), (104 bytes).
    Removing uart_to_host.o(.ARM.exidx.text.GetUnlockSteps), (8 bytes).
    Removing uart_to_host.o(.text.SetLockSteps), (172 bytes).
    Removing uart_to_host.o(.ARM.exidx.text.SetLockSteps), (8 bytes).
    Removing uart_to_host.o(.text.GetLockSteps), (108 bytes).
    Removing uart_to_host.o(.ARM.exidx.text.GetLockSteps), (8 bytes).
    Removing uart_to_host.o(.text.GetBatVoltage), (40 bytes).
    Removing uart_to_host.o(.ARM.exidx.text.GetBatVoltage), (8 bytes).
    Removing uart_to_host.o(.text.HandleHostCmd), (84 bytes).
    Removing uart_to_host.o(.ARM.exidx.text.HandleHostCmd), (8 bytes).
    Removing uart_to_host.o(.text.RxUartToHostService), (688 bytes).
    Removing uart_to_host.o(.ARM.exidx.text.RxUartToHostService), (8 bytes).
    Removing uart_to_host.o(.rodata.str_invalid_arg), (13 bytes).
    Removing uart_to_host.o(.rodata.str1.1), (193 bytes).
    Removing uart_to_host.o(.rodata.U1ByteCmds), (64 bytes).
    Removing option.o(.text), (0 bytes).
    Removing option.o(.ARM.exidx.text.fmc_erase_pages), (8 bytes).
    Removing option.o(.ARM.exidx.text.fmc_erase_pages_check), (8 bytes).
    Removing option.o(.ARM.exidx.text.fmc_program), (8 bytes).
    Removing option.o(.ARM.exidx.text.fmc_program_check), (8 bytes).
    Removing option.o(.ARM.exidx.text.SaveDevConfig), (8 bytes).
    Removing option.o(.ARM.exidx.text.do_default), (8 bytes).
    Removing option.o(.ARM.exidx.text.LoadDevConfig), (8 bytes).

1620 unused section(s) (total 58461 bytes) removed from the image.

==============================================================================

Image Symbol Table

    Local Symbols

    Symbol Name                              Value     Ov Type        Size  Object(Section)

    ../Firmware/CMSIS/GD/GD32L23x/Source/system_gd32l23x.c 0x00000000   Number         0  system_gd32l23x.o ABSOLUTE
    ../Firmware/GD32L23x_standard_peripheral/Source/gd32l23x_adc.c 0x00000000   Number         0  gd32l23x_adc.o ABSOLUTE
    ../Firmware/GD32L23x_standard_peripheral/Source/gd32l23x_cau.c 0x00000000   Number         0  gd32l23x_cau.o ABSOLUTE
    ../Firmware/GD32L23x_standard_peripheral/Source/gd32l23x_cau_aes.c 0x00000000   Number         0  gd32l23x_cau_aes.o ABSOLUTE
    ../Firmware/GD32L23x_standard_peripheral/Source/gd32l23x_cau_des.c 0x00000000   Number         0  gd32l23x_cau_des.o ABSOLUTE
    ../Firmware/GD32L23x_standard_peripheral/Source/gd32l23x_cau_tdes.c 0x00000000   Number         0  gd32l23x_cau_tdes.o ABSOLUTE
    ../Firmware/GD32L23x_standard_peripheral/Source/gd32l23x_cmp.c 0x00000000   Number         0  gd32l23x_cmp.o ABSOLUTE
    ../Firmware/GD32L23x_standard_peripheral/Source/gd32l23x_crc.c 0x00000000   Number         0  gd32l23x_crc.o ABSOLUTE
    ../Firmware/GD32L23x_standard_peripheral/Source/gd32l23x_ctc.c 0x00000000   Number         0  gd32l23x_ctc.o ABSOLUTE
    ../Firmware/GD32L23x_standard_peripheral/Source/gd32l23x_dac.c 0x00000000   Number         0  gd32l23x_dac.o ABSOLUTE
    ../Firmware/GD32L23x_standard_peripheral/Source/gd32l23x_dbg.c 0x00000000   Number         0  gd32l23x_dbg.o ABSOLUTE
    ../Firmware/GD32L23x_standard_peripheral/Source/gd32l23x_dma.c 0x00000000   Number         0  gd32l23x_dma.o ABSOLUTE
    ../Firmware/GD32L23x_standard_peripheral/Source/gd32l23x_exti.c 0x00000000   Number         0  gd32l23x_exti.o ABSOLUTE
    ../Firmware/GD32L23x_standard_peripheral/Source/gd32l23x_fmc.c 0x00000000   Number         0  gd32l23x_fmc.o ABSOLUTE
    ../Firmware/GD32L23x_standard_peripheral/Source/gd32l23x_fwdgt.c 0x00000000   Number         0  gd32l23x_fwdgt.o ABSOLUTE
    ../Firmware/GD32L23x_standard_peripheral/Source/gd32l23x_gpio.c 0x00000000   Number         0  gd32l23x_gpio.o ABSOLUTE
    ../Firmware/GD32L23x_standard_peripheral/Source/gd32l23x_i2c.c 0x00000000   Number         0  gd32l23x_i2c.o ABSOLUTE
    ../Firmware/GD32L23x_standard_peripheral/Source/gd32l23x_lptimer.c 0x00000000   Number         0  gd32l23x_lptimer.o ABSOLUTE
    ../Firmware/GD32L23x_standard_peripheral/Source/gd32l23x_lpuart.c 0x00000000   Number         0  gd32l23x_lpuart.o ABSOLUTE
    ../Firmware/GD32L23x_standard_peripheral/Source/gd32l23x_misc.c 0x00000000   Number         0  gd32l23x_misc.o ABSOLUTE
    ../Firmware/GD32L23x_standard_peripheral/Source/gd32l23x_pmu.c 0x00000000   Number         0  gd32l23x_pmu.o ABSOLUTE
    ../Firmware/GD32L23x_standard_peripheral/Source/gd32l23x_rcu.c 0x00000000   Number         0  gd32l23x_rcu.o ABSOLUTE
    ../Firmware/GD32L23x_standard_peripheral/Source/gd32l23x_rtc.c 0x00000000   Number         0  gd32l23x_rtc.o ABSOLUTE
    ../Firmware/GD32L23x_standard_peripheral/Source/gd32l23x_slcd.c 0x00000000   Number         0  gd32l23x_slcd.o ABSOLUTE
    ../Firmware/GD32L23x_standard_peripheral/Source/gd32l23x_spi.c 0x00000000   Number         0  gd32l23x_spi.o ABSOLUTE
    ../Firmware/GD32L23x_standard_peripheral/Source/gd32l23x_syscfg.c 0x00000000   Number         0  gd32l23x_syscfg.o ABSOLUTE
    ../Firmware/GD32L23x_standard_peripheral/Source/gd32l23x_timer.c 0x00000000   Number         0  gd32l23x_timer.o ABSOLUTE
    ../Firmware/GD32L23x_standard_peripheral/Source/gd32l23x_trng.c 0x00000000   Number         0  gd32l23x_trng.o ABSOLUTE
    ../Firmware/GD32L23x_standard_peripheral/Source/gd32l23x_usart.c 0x00000000   Number         0  gd32l23x_usart.o ABSOLUTE
    ../Firmware/GD32L23x_standard_peripheral/Source/gd32l23x_vref.c 0x00000000   Number         0  gd32l23x_vref.o ABSOLUTE
    ../Firmware/GD32L23x_standard_peripheral/Source/gd32l23x_wwdgt.c 0x00000000   Number         0  gd32l23x_wwdgt.o ABSOLUTE
    ../Utilities/UART_DBG.C                  0x00000000   Number         0  uart_dbg.o ABSOLUTE
    ../Utilities/UART_to_host.C              0x00000000   Number         0  uart_to_host.o ABSOLUTE
    ../Utilities/gpio.c                      0x00000000   Number         0  gpio.o ABSOLUTE
    ../Utilities/option.c                    0x00000000   Number         0  option.o ABSOLUTE
    ../Utilities/systick.c                   0x00000000   Number         0  systick.o ABSOLUTE
    ../clib/microlib/init/entry.s            0x00000000   Number         0  entry.o ABSOLUTE
    ../clib/microlib/init/entry.s            0x00000000   Number         0  entry7a.o ABSOLUTE
    ../clib/microlib/init/entry.s            0x00000000   Number         0  entry7b.o ABSOLUTE
    ../clib/microlib/init/entry.s            0x00000000   Number         0  entry9b.o ABSOLUTE
    ../clib/microlib/init/entry.s            0x00000000   Number         0  entry8a.o ABSOLUTE
    ../clib/microlib/init/entry.s            0x00000000   Number         0  entry8b.o ABSOLUTE
    ../clib/microlib/init/entry.s            0x00000000   Number         0  entry5.o ABSOLUTE
    ../clib/microlib/init/entry.s            0x00000000   Number         0  entry2.o ABSOLUTE
    ../clib/microlib/init/entry.s            0x00000000   Number         0  entry9a.o ABSOLUTE
    ../clib/microlib/init/entry.s            0x00000000   Number         0  entry10a.o ABSOLUTE
    ../clib/microlib/init/entry.s            0x00000000   Number         0  entry11b.o ABSOLUTE
    ../clib/microlib/init/entry.s            0x00000000   Number         0  entry11a.o ABSOLUTE
    ../clib/microlib/init/entry.s            0x00000000   Number         0  entry10b.o ABSOLUTE
    ../clib/microlib/string/memcpy.c         0x00000000   Number         0  memcpyb.o ABSOLUTE
    ../clib/microlib/string/memcpy.c         0x00000000   Number         0  memcpya.o ABSOLUTE
    ../user/main.c                           0x00000000   Number         0  main.o ABSOLUTE
    ..\Firmware\CMSIS\GD\GD32L23x\Source\ARM\startup_gd32l23x.s 0x00000000   Number         0  startup_gd32l23x.o ABSOLUTE
    dc.s                                     0x00000000   Number         0  dc.o ABSOLUTE
    handlers.s                               0x00000000   Number         0  handlers.o ABSOLUTE
    init.s                                   0x00000000   Number         0  init.o ABSOLUTE
    RESET                                    0x08000000   Section      340  startup_gd32l23x.o(RESET)
    .ARM.Collect$$$$00000000                 0x08000154   Section        0  entry.o(.ARM.Collect$$$$00000000)
    .ARM.Collect$$$$00000001                 0x08000154   Section        4  entry2.o(.ARM.Collect$$$$00000001)
    .ARM.Collect$$$$00000004                 0x08000158   Section        4  entry5.o(.ARM.Collect$$$$00000004)
    .ARM.Collect$$$$00000008                 0x0800015c   Section        0  entry7b.o(.ARM.Collect$$$$00000008)
    .ARM.Collect$$$$0000000A                 0x0800015c   Section        0  entry8b.o(.ARM.Collect$$$$0000000A)
    .ARM.Collect$$$$0000000B                 0x0800015c   Section        8  entry9a.o(.ARM.Collect$$$$0000000B)
    .ARM.Collect$$$$0000000D                 0x08000164   Section        0  entry10a.o(.ARM.Collect$$$$0000000D)
    .ARM.Collect$$$$0000000F                 0x08000164   Section        0  entry11a.o(.ARM.Collect$$$$0000000F)
    .ARM.Collect$$$$00002712                 0x08000164   Section        4  entry2.o(.ARM.Collect$$$$00002712)
    __lit__00000000                          0x08000164   Data           4  entry2.o(.ARM.Collect$$$$00002712)
    .text                                    0x08000168   Section       28  startup_gd32l23x.o(.text)
    .text                                    0x08000184   Section       36  init.o(.text)
    [Anonymous Symbol]                       0x080001a8   Section        0  main.o(.text.CallPer10mS)
    [Anonymous Symbol]                       0x080001ac   Section        0  main.o(.text.CallPer1S)
    __arm_cp.7_0                             0x08000210   Number         4  main.o(.text.CallPer1S)
    [Anonymous Symbol]                       0x08000214   Section        0  main.o(.text.CheckForPwrStatus)
    __arm_cp.2_0                             0x08000288   Number         4  main.o(.text.CheckForPwrStatus)
    __arm_cp.2_1                             0x0800028c   Number         4  main.o(.text.CheckForPwrStatus)
    __arm_cp.2_2                             0x08000290   Number         4  main.o(.text.CheckForPwrStatus)
    __arm_cp.2_3                             0x08000294   Number         4  main.o(.text.CheckForPwrStatus)
    [Anonymous Symbol]                       0x08000298   Section        0  uart_dbg.o(.text.CtrlMotor)
    __arm_cp.8_1                             0x080002c0   Number         4  uart_dbg.o(.text.CtrlMotor)
    [Anonymous Symbol]                       0x080002c4   Section        0  uart_dbg.o(.text.DbgUartService)
    __arm_cp.12_0                            0x080003b0   Number         4  uart_dbg.o(.text.DbgUartService)
    __arm_cp.12_1                            0x080003b4   Number         4  uart_dbg.o(.text.DbgUartService)
    __arm_cp.12_2                            0x080003b8   Number         4  uart_dbg.o(.text.DbgUartService)
    __arm_cp.12_3                            0x080003bc   Number         4  uart_dbg.o(.text.DbgUartService)
    [Anonymous Symbol]                       0x080003c0   Section        0  gpio.o(.text.EXTI10_15_IRQHandler)
    [Anonymous Symbol]                       0x08000428   Section        0  gpio.o(.text.EXTI1_IRQHandler)
    [Anonymous Symbol]                       0x08000450   Section        0  gpio.o(.text.EXTI5_9_IRQHandler)
    __arm_cp.6_0                             0x080004c0   Number         4  gpio.o(.text.EXTI5_9_IRQHandler)
    __arm_cp.6_1                             0x080004c4   Number         4  gpio.o(.text.EXTI5_9_IRQHandler)
    __arm_cp.6_2                             0x080004c8   Number         4  gpio.o(.text.EXTI5_9_IRQHandler)
    [Anonymous Symbol]                       0x080004cc   Section        0  gpio.o(.text.GpioInit)
    __arm_cp.4_0                             0x08000600   Number         4  gpio.o(.text.GpioInit)
    __arm_cp.4_1                             0x08000604   Number         4  gpio.o(.text.GpioInit)
    __arm_cp.4_2                             0x08000608   Number         4  gpio.o(.text.GpioInit)
    __arm_cp.4_3                             0x0800060c   Number         4  gpio.o(.text.GpioInit)
    __arm_cp.4_4                             0x08000610   Number         4  gpio.o(.text.GpioInit)
    [Anonymous Symbol]                       0x08000614   Section        0  uart_dbg.o(.text.HandleCmd)
    __arm_cp.11_0                            0x08000674   Number         4  uart_dbg.o(.text.HandleCmd)
    __arm_cp.11_1                            0x08000678   Number         4  uart_dbg.o(.text.HandleCmd)
    __arm_cp.11_2                            0x0800067c   Number         4  uart_dbg.o(.text.HandleCmd)
    [Anonymous Symbol]                       0x08000680   Section        0  uart_to_host.o(.text.LPUART_IRQHandler)
    __arm_cp.1_0                             0x08000744   Number         4  uart_to_host.o(.text.LPUART_IRQHandler)
    __arm_cp.1_1                             0x08000748   Number         4  uart_to_host.o(.text.LPUART_IRQHandler)
    __arm_cp.1_2                             0x0800074c   Number         4  uart_to_host.o(.text.LPUART_IRQHandler)
    __arm_cp.1_3                             0x08000750   Number         4  uart_to_host.o(.text.LPUART_IRQHandler)
    __arm_cp.1_4                             0x08000754   Number         4  uart_to_host.o(.text.LPUART_IRQHandler)
    __arm_cp.1_6                             0x08000758   Number         4  uart_to_host.o(.text.LPUART_IRQHandler)
    [Anonymous Symbol]                       0x0800075c   Section        0  option.o(.text.LoadDevConfig)
    __arm_cp.6_0                             0x080007a4   Number         4  option.o(.text.LoadDevConfig)
    __arm_cp.6_1                             0x080007a8   Number         4  option.o(.text.LoadDevConfig)
    __arm_cp.6_2                             0x080007ac   Number         4  option.o(.text.LoadDevConfig)
    [Anonymous Symbol]                       0x080007b0   Section        0  main.o(.text.PowerService)
    __arm_cp.3_0                             0x08000930   Number         4  main.o(.text.PowerService)
    __arm_cp.3_1                             0x08000934   Number         4  main.o(.text.PowerService)
    __arm_cp.3_2                             0x08000938   Number         4  main.o(.text.PowerService)
    __arm_cp.3_3                             0x0800093c   Number         4  main.o(.text.PowerService)
    __arm_cp.3_4                             0x08000940   Number         4  main.o(.text.PowerService)
    __arm_cp.3_5                             0x08000944   Number         4  main.o(.text.PowerService)
    __arm_cp.3_6                             0x08000948   Number         4  main.o(.text.PowerService)
    __arm_cp.3_7                             0x0800094c   Number         4  main.o(.text.PowerService)
    __arm_cp.3_8                             0x08000950   Number         4  main.o(.text.PowerService)
    __arm_cp.3_9                             0x08000954   Number         4  main.o(.text.PowerService)
    [Anonymous Symbol]                       0x08000958   Section        0  uart_dbg.o(.text.PrintCmdChar)
    __arm_cp.10_0                            0x08000998   Number         4  uart_dbg.o(.text.PrintCmdChar)
    __arm_cp.10_1                            0x0800099c   Number         4  uart_dbg.o(.text.PrintCmdChar)
    [Anonymous Symbol]                       0x080009a0   Section        0  uart_dbg.o(.text.ReqDbgSndChar)
    __arm_cp.2_0                             0x080009f4   Number         4  uart_dbg.o(.text.ReqDbgSndChar)
    __arm_cp.2_1                             0x080009f8   Number         4  uart_dbg.o(.text.ReqDbgSndChar)
    __arm_cp.2_2                             0x080009fc   Number         4  uart_dbg.o(.text.ReqDbgSndChar)
    __arm_cp.2_3                             0x08000a00   Number         4  uart_dbg.o(.text.ReqDbgSndChar)
    [Anonymous Symbol]                       0x08000a04   Section        0  option.o(.text.SaveDevConfig)
    [Anonymous Symbol]                       0x08000a18   Section        0  uart_dbg.o(.text.SetPrint)
    __arm_cp.6_1                             0x08000a7c   Number         4  uart_dbg.o(.text.SetPrint)
    __arm_cp.6_2                             0x08000a80   Number         4  uart_dbg.o(.text.SetPrint)
    __arm_cp.6_3                             0x08000a84   Number         4  uart_dbg.o(.text.SetPrint)
    [Anonymous Symbol]                       0x08000a88   Section        0  uart_dbg.o(.text.SetPwmConfig)
    __arm_cp.9_0                             0x08000be0   Number         4  uart_dbg.o(.text.SetPwmConfig)
    __arm_cp.9_2                             0x08000be4   Number         4  uart_dbg.o(.text.SetPwmConfig)
    [Anonymous Symbol]                       0x08000be8   Section        0  main.o(.text.SetToHostUartTxPin)
    [Anonymous Symbol]                       0x08000c10   Section        0  main.o(.text.SetTxAsInput)
    [Anonymous Symbol]                       0x08000c28   Section        0  uart_dbg.o(.text.ShowDevConfig)
    __arm_cp.7_0                             0x08000d0c   Number         4  uart_dbg.o(.text.ShowDevConfig)
    __arm_cp.7_1                             0x08000d10   Number         4  uart_dbg.o(.text.ShowDevConfig)
    __arm_cp.7_2                             0x08000d14   Number         4  uart_dbg.o(.text.ShowDevConfig)
    __arm_cp.7_3                             0x08000d18   Number         4  uart_dbg.o(.text.ShowDevConfig)
    __arm_cp.7_4                             0x08000d1c   Number         4  uart_dbg.o(.text.ShowDevConfig)
    __arm_cp.7_5                             0x08000d20   Number         4  uart_dbg.o(.text.ShowDevConfig)
    __arm_cp.7_6                             0x08000d24   Number         4  uart_dbg.o(.text.ShowDevConfig)
    __arm_cp.7_7                             0x08000d28   Number         4  uart_dbg.o(.text.ShowDevConfig)
    __arm_cp.7_8                             0x08000d2c   Number         4  uart_dbg.o(.text.ShowDevConfig)
    [Anonymous Symbol]                       0x08000d30   Section        0  systick.o(.text.SysTick_Config)
    SysTick_Config                           0x08000d31   Thumb Code    88  systick.o(.text.SysTick_Config)
    __arm_cp.1_0                             0x08000d7c   Number         4  systick.o(.text.SysTick_Config)
    __arm_cp.1_1                             0x08000d80   Number         4  systick.o(.text.SysTick_Config)
    __arm_cp.1_2                             0x08000d84   Number         4  systick.o(.text.SysTick_Config)
    [Anonymous Symbol]                       0x08000d88   Section        0  systick.o(.text.SysTick_Handler)
    __arm_cp.3_0                             0x08000d94   Number         4  systick.o(.text.SysTick_Handler)
    [Anonymous Symbol]                       0x08000d98   Section        0  system_gd32l23x.o(.text.SystemInit)
    __arm_cp.0_0                             0x08000e14   Number         4  system_gd32l23x.o(.text.SystemInit)
    __arm_cp.0_1                             0x08000e18   Number         4  system_gd32l23x.o(.text.SystemInit)
    __arm_cp.0_2                             0x08000e1c   Number         4  system_gd32l23x.o(.text.SystemInit)
    __arm_cp.0_3                             0x08000e20   Number         4  system_gd32l23x.o(.text.SystemInit)
    __arm_cp.0_4                             0x08000e24   Number         4  system_gd32l23x.o(.text.SystemInit)
    __arm_cp.0_5                             0x08000e28   Number         4  system_gd32l23x.o(.text.SystemInit)
    __arm_cp.0_6                             0x08000e2c   Number         4  system_gd32l23x.o(.text.SystemInit)
    __arm_cp.0_7                             0x08000e30   Number         4  system_gd32l23x.o(.text.SystemInit)
    [Anonymous Symbol]                       0x08000e34   Section        0  uart_dbg.o(.text.USART0_IRQHandler)
    __arm_cp.1_1                             0x08000eb0   Number         4  uart_dbg.o(.text.USART0_IRQHandler)
    __arm_cp.1_2                             0x08000eb4   Number         4  uart_dbg.o(.text.USART0_IRQHandler)
    __arm_cp.1_4                             0x08000eb8   Number         4  uart_dbg.o(.text.USART0_IRQHandler)
    [Anonymous Symbol]                       0x08000ebc   Section        0  uart_dbg.o(.text.UartDbgInit)
    __arm_cp.0_0                             0x08000f94   Number         4  uart_dbg.o(.text.UartDbgInit)
    __arm_cp.0_1                             0x08000f98   Number         4  uart_dbg.o(.text.UartDbgInit)
    __arm_cp.0_2                             0x08000f9c   Number         4  uart_dbg.o(.text.UartDbgInit)
    __arm_cp.0_3                             0x08000fa0   Number         4  uart_dbg.o(.text.UartDbgInit)
    __arm_cp.0_4                             0x08000fa4   Number         4  uart_dbg.o(.text.UartDbgInit)
    __arm_cp.0_5                             0x08000fa8   Number         4  uart_dbg.o(.text.UartDbgInit)
    __arm_cp.0_6                             0x08000fac   Number         4  uart_dbg.o(.text.UartDbgInit)
    [Anonymous Symbol]                       0x08000fb0   Section        0  gd32l23x_misc.o(.text.__NVIC_EnableIRQ)
    __NVIC_EnableIRQ                         0x08000fb1   Thumb Code    60  gd32l23x_misc.o(.text.__NVIC_EnableIRQ)
    __arm_cp.2_0                             0x08000fe4   Number         4  gd32l23x_misc.o(.text.__NVIC_EnableIRQ)
    __arm_cp.2_1                             0x08000fe8   Number         4  gd32l23x_misc.o(.text.__NVIC_EnableIRQ)
    [Anonymous Symbol]                       0x08000fec   Section        0  gd32l23x_misc.o(.text.__NVIC_SetPriority)
    __NVIC_SetPriority                       0x08000fed   Thumb Code   144  gd32l23x_misc.o(.text.__NVIC_SetPriority)
    [Anonymous Symbol]                       0x08001074   Section        0  systick.o(.text.__NVIC_SetPriority)
    __NVIC_SetPriority                       0x08001075   Thumb Code   144  systick.o(.text.__NVIC_SetPriority)
    __arm_cp.2_0                             0x080010fc   Number         4  systick.o(.text.__NVIC_SetPriority)
    __arm_cp.2_1                             0x08001100   Number         4  systick.o(.text.__NVIC_SetPriority)
    [Anonymous Symbol]                       0x08001104   Section        0  uart_dbg.o(.text.aToUShort)
    [Anonymous Symbol]                       0x080011a0   Section        0  option.o(.text.do_default)
    __arm_cp.5_1                             0x08001224   Number         4  option.o(.text.do_default)
    [Anonymous Symbol]                       0x08001228   Section        0  gd32l23x_exti.o(.text.exti_flag_clear)
    [Anonymous Symbol]                       0x0800123c   Section        0  gd32l23x_exti.o(.text.exti_init)
    __arm_cp.1_0                             0x0800131c   Number         4  gd32l23x_exti.o(.text.exti_init)
    __arm_cp.1_1                             0x08001320   Number         4  gd32l23x_exti.o(.text.exti_init)
    __arm_cp.1_2                             0x08001324   Number         4  gd32l23x_exti.o(.text.exti_init)
    __arm_cp.1_3                             0x08001328   Number         4  gd32l23x_exti.o(.text.exti_init)
    [Anonymous Symbol]                       0x0800132c   Section        0  gd32l23x_exti.o(.text.exti_interrupt_flag_clear)
    [Anonymous Symbol]                       0x08001340   Section        0  gd32l23x_exti.o(.text.exti_interrupt_flag_get)
    __arm_cp.10_0                            0x0800136c   Number         4  gd32l23x_exti.o(.text.exti_interrupt_flag_get)
    [Anonymous Symbol]                       0x08001370   Section        0  option.o(.text.fmc_erase_pages)
    [Anonymous Symbol]                       0x08001398   Section        0  option.o(.text.fmc_erase_pages_check)
    __arm_cp.1_1                             0x080013d0   Number         4  option.o(.text.fmc_erase_pages_check)
    __arm_cp.1_2                             0x080013d4   Number         4  option.o(.text.fmc_erase_pages_check)
    [Anonymous Symbol]                       0x080013d8   Section        0  gd32l23x_fmc.o(.text.fmc_flag_clear)
    [Anonymous Symbol]                       0x080013ec   Section        0  gd32l23x_fmc.o(.text.fmc_lock)
    [Anonymous Symbol]                       0x080013f8   Section        0  gd32l23x_fmc.o(.text.fmc_page_erase)
    __arm_cp.12_1                            0x08001454   Number         4  gd32l23x_fmc.o(.text.fmc_page_erase)
    [Anonymous Symbol]                       0x08001458   Section        0  option.o(.text.fmc_program)
    [Anonymous Symbol]                       0x0800149c   Section        0  option.o(.text.fmc_program_check)
    __arm_cp.3_0                             0x080014e0   Number         4  option.o(.text.fmc_program_check)
    __arm_cp.3_1                             0x080014e4   Number         4  option.o(.text.fmc_program_check)
    __arm_cp.3_2                             0x080014e8   Number         4  option.o(.text.fmc_program_check)
    __arm_cp.3_3                             0x080014ec   Number         4  option.o(.text.fmc_program_check)
    [Anonymous Symbol]                       0x080014f0   Section        0  gd32l23x_fmc.o(.text.fmc_ready_wait)
    fmc_ready_wait                           0x080014f1   Thumb Code   106  gd32l23x_fmc.o(.text.fmc_ready_wait)
    [Anonymous Symbol]                       0x0800155c   Section        0  gd32l23x_fmc.o(.text.fmc_state_get)
    fmc_state_get                            0x0800155d   Thumb Code   132  gd32l23x_fmc.o(.text.fmc_state_get)
    __arm_cp.34_0                            0x080015dc   Number         4  gd32l23x_fmc.o(.text.fmc_state_get)
    [Anonymous Symbol]                       0x080015e0   Section        0  gd32l23x_fmc.o(.text.fmc_unlock)
    __arm_cp.0_1                             0x080015fc   Number         4  gd32l23x_fmc.o(.text.fmc_unlock)
    __arm_cp.0_2                             0x08001600   Number         4  gd32l23x_fmc.o(.text.fmc_unlock)
    __arm_cp.0_3                             0x08001604   Number         4  gd32l23x_fmc.o(.text.fmc_unlock)
    [Anonymous Symbol]                       0x08001608   Section        0  gd32l23x_fmc.o(.text.fmc_word_program)
    __arm_cp.15_0                            0x08001660   Number         4  gd32l23x_fmc.o(.text.fmc_word_program)
    [Anonymous Symbol]                       0x08001664   Section        0  gd32l23x_gpio.o(.text.gpio_af_set)
    [Anonymous Symbol]                       0x08001736   Section        0  gd32l23x_gpio.o(.text.gpio_bit_reset)
    [Anonymous Symbol]                       0x0800174e   Section        0  gd32l23x_gpio.o(.text.gpio_bit_set)
    [Anonymous Symbol]                       0x08001766   Section        0  gd32l23x_gpio.o(.text.gpio_input_bit_get)
    [Anonymous Symbol]                       0x08001798   Section        0  gd32l23x_gpio.o(.text.gpio_mode_set)
    [Anonymous Symbol]                       0x0800183a   Section        0  gd32l23x_gpio.o(.text.gpio_output_options_set)
    [Anonymous Symbol]                       0x080018d8   Section        0  gd32l23x_lpuart.o(.text.lpuart_data_receive)
    __arm_cp.14_0                            0x080018e4   Number         4  gd32l23x_lpuart.o(.text.lpuart_data_receive)
    [Anonymous Symbol]                       0x080018e8   Section        0  gd32l23x_lpuart.o(.text.lpuart_data_transmit)
    __arm_cp.13_0                            0x08001900   Number         4  gd32l23x_lpuart.o(.text.lpuart_data_transmit)
    __arm_cp.13_1                            0x08001904   Number         4  gd32l23x_lpuart.o(.text.lpuart_data_transmit)
    [Anonymous Symbol]                       0x08001908   Section        0  gd32l23x_lpuart.o(.text.lpuart_flag_clear)
    __arm_cp.39_0                            0x08001928   Number         4  gd32l23x_lpuart.o(.text.lpuart_flag_clear)
    [Anonymous Symbol]                       0x0800192c   Section        0  gd32l23x_lpuart.o(.text.lpuart_interrupt_disable)
    [Anonymous Symbol]                       0x08001954   Section        0  gd32l23x_lpuart.o(.text.lpuart_interrupt_flag_get)
    __arm_cp.42_0                            0x080019bc   Number         4  gd32l23x_lpuart.o(.text.lpuart_interrupt_flag_get)
    __arm_cp.42_1                            0x080019c0   Number         4  gd32l23x_lpuart.o(.text.lpuart_interrupt_flag_get)
    [Anonymous Symbol]                       0x080019c4   Section        0  uart_dbg.o(.text.m_pow)
    [Anonymous Symbol]                       0x080019f4   Section        0  uart_dbg.o(.text.m_printf)
    [Anonymous Symbol]                       0x08001dd8   Section        0  main.o(.text.main)
    __arm_cp.8_0                             0x08001efc   Number         4  main.o(.text.main)
    __arm_cp.8_1                             0x08001f00   Number         4  main.o(.text.main)
    __arm_cp.8_2                             0x08001f04   Number         4  main.o(.text.main)
    __arm_cp.8_3                             0x08001f08   Number         4  main.o(.text.main)
    __arm_cp.8_4                             0x08001f0c   Number         4  main.o(.text.main)
    __arm_cp.8_5                             0x08001f10   Number         4  main.o(.text.main)
    __arm_cp.8_6                             0x08001f14   Number         4  main.o(.text.main)
    __arm_cp.8_7                             0x08001f18   Number         4  main.o(.text.main)
    __arm_cp.8_8                             0x08001f1c   Number         4  main.o(.text.main)
    __arm_cp.8_9                             0x08001f20   Number         4  main.o(.text.main)
    __arm_cp.8_10                            0x08001f24   Number         4  main.o(.text.main)
    __arm_cp.8_11                            0x08001f28   Number         4  main.o(.text.main)
    __arm_cp.8_12                            0x08001f2c   Number         4  main.o(.text.main)
    __arm_cp.8_13                            0x08001f30   Number         4  main.o(.text.main)
    __arm_cp.8_14                            0x08001f34   Number         4  main.o(.text.main)
    [Anonymous Symbol]                       0x08001f38   Section        0  gd32l23x_misc.o(.text.nvic_irq_enable)
    [Anonymous Symbol]                       0x08001f68   Section        0  gd32l23x_misc.o(.text.nvic_vector_table_set)
    __arm_cp.7_0                             0x08001f90   Number         4  gd32l23x_misc.o(.text.nvic_vector_table_set)
    __arm_cp.7_1                             0x08001f94   Number         4  gd32l23x_misc.o(.text.nvic_vector_table_set)
    [Anonymous Symbol]                       0x08001f98   Section        0  gd32l23x_pmu.o(.text.pmu_ldo_output_select)
    [Anonymous Symbol]                       0x08001fb8   Section        0  gd32l23x_pmu.o(.text.pmu_to_deepsleepmode)
    __arm_cp.10_0                            0x0800203c   Number         4  gd32l23x_pmu.o(.text.pmu_to_deepsleepmode)
    __arm_cp.10_1                            0x08002040   Number         4  gd32l23x_pmu.o(.text.pmu_to_deepsleepmode)
    __arm_cp.10_2                            0x08002044   Number         4  gd32l23x_pmu.o(.text.pmu_to_deepsleepmode)
    [Anonymous Symbol]                       0x08002048   Section        0  gd32l23x_rcu.o(.text.rcu_clock_freq_get)
    __arm_cp.40_14                           0x0800246c   Number         4  gd32l23x_rcu.o(.text.rcu_clock_freq_get)
    __arm_cp.40_15                           0x08002470   Number         4  gd32l23x_rcu.o(.text.rcu_clock_freq_get)
    __arm_cp.40_17                           0x08002478   Number         4  gd32l23x_rcu.o(.text.rcu_clock_freq_get)
    __arm_cp.40_18                           0x0800247c   Number         4  gd32l23x_rcu.o(.text.rcu_clock_freq_get)
    __arm_cp.40_19                           0x08002480   Number         4  gd32l23x_rcu.o(.text.rcu_clock_freq_get)
    __arm_cp.40_0                            0x08002618   Number         4  gd32l23x_rcu.o(.text.rcu_clock_freq_get)
    __arm_cp.40_2                            0x0800261c   Number         4  gd32l23x_rcu.o(.text.rcu_clock_freq_get)
    __arm_cp.40_4                            0x08002620   Number         4  gd32l23x_rcu.o(.text.rcu_clock_freq_get)
    __arm_cp.40_8                            0x08002624   Number         4  gd32l23x_rcu.o(.text.rcu_clock_freq_get)
    __arm_cp.40_9                            0x08002628   Number         4  gd32l23x_rcu.o(.text.rcu_clock_freq_get)
    [Anonymous Symbol]                       0x0800262c   Section        0  gd32l23x_rcu.o(.text.rcu_periph_clock_enable)
    [Anonymous Symbol]                       0x08002654   Section        0  gd32l23x_rcu.o(.text.rcu_periph_reset_disable)
    [Anonymous Symbol]                       0x0800267c   Section        0  gd32l23x_rcu.o(.text.rcu_periph_reset_enable)
    __arm_cp.5_0                             0x080026a4   Number         4  gd32l23x_rcu.o(.text.rcu_periph_reset_enable)
    [Anonymous Symbol]                       0x080026a8   Section        0  gd32l23x_syscfg.o(.text.syscfg_exti_line_config)
    __arm_cp.1_0                             0x08002754   Number         4  gd32l23x_syscfg.o(.text.syscfg_exti_line_config)
    __arm_cp.1_1                             0x08002758   Number         4  gd32l23x_syscfg.o(.text.syscfg_exti_line_config)
    __arm_cp.1_2                             0x0800275c   Number         4  gd32l23x_syscfg.o(.text.syscfg_exti_line_config)
    __arm_cp.1_3                             0x08002760   Number         4  gd32l23x_syscfg.o(.text.syscfg_exti_line_config)
    [Anonymous Symbol]                       0x08002764   Section        0  system_gd32l23x.o(.text.system_clock_16m_irc16m)
    system_clock_16m_irc16m                  0x08002765   Thumb Code    48  system_gd32l23x.o(.text.system_clock_16m_irc16m)
    __arm_cp.3_0                             0x08002790   Number         4  system_gd32l23x.o(.text.system_clock_16m_irc16m)
    [Anonymous Symbol]                       0x08002794   Section        0  system_gd32l23x.o(.text.system_clock_config)
    system_clock_config                      0x08002795   Thumb Code     8  system_gd32l23x.o(.text.system_clock_config)
    [Anonymous Symbol]                       0x0800279c   Section        0  systick.o(.text.systick_config)
    __arm_cp.0_0                             0x080027c4   Number         4  systick.o(.text.systick_config)
    [Anonymous Symbol]                       0x080027c8   Section        0  gd32l23x_usart.o(.text.usart_baudrate_set)
    __arm_cp.1_4                             0x080028a4   Number         4  gd32l23x_usart.o(.text.usart_baudrate_set)
    [Anonymous Symbol]                       0x080028a8   Section        0  gd32l23x_usart.o(.text.usart_data_receive)
    [Anonymous Symbol]                       0x080028bc   Section        0  gd32l23x_usart.o(.text.usart_data_transmit)
    __arm_cp.18_0                            0x080028dc   Number         4  gd32l23x_usart.o(.text.usart_data_transmit)
    [Anonymous Symbol]                       0x080028e0   Section        0  gd32l23x_usart.o(.text.usart_deinit)
    __arm_cp.0_0                             0x0800295c   Number         4  gd32l23x_usart.o(.text.usart_deinit)
    __arm_cp.0_1                             0x08002960   Number         4  gd32l23x_usart.o(.text.usart_deinit)
    __arm_cp.0_2                             0x08002964   Number         4  gd32l23x_usart.o(.text.usart_deinit)
    __arm_cp.0_3                             0x08002968   Number         4  gd32l23x_usart.o(.text.usart_deinit)
    __arm_cp.0_4                             0x0800296c   Number         4  gd32l23x_usart.o(.text.usart_deinit)
    __arm_cp.0_5                             0x08002970   Number         4  gd32l23x_usart.o(.text.usart_deinit)
    __arm_cp.0_6                             0x08002974   Number         4  gd32l23x_usart.o(.text.usart_deinit)
    __arm_cp.0_7                             0x08002978   Number         4  gd32l23x_usart.o(.text.usart_deinit)
    [Anonymous Symbol]                       0x0800297c   Section        0  gd32l23x_usart.o(.text.usart_enable)
    [Anonymous Symbol]                       0x08002992   Section        0  gd32l23x_usart.o(.text.usart_interrupt_disable)
    [Anonymous Symbol]                       0x080029be   Section        0  gd32l23x_usart.o(.text.usart_interrupt_enable)
    [Anonymous Symbol]                       0x080029ec   Section        0  gd32l23x_usart.o(.text.usart_interrupt_flag_get)
    __arm_cp.69_0                            0x08002a5c   Number         4  gd32l23x_usart.o(.text.usart_interrupt_flag_get)
    [Anonymous Symbol]                       0x08002a60   Section        0  gd32l23x_usart.o(.text.usart_parity_config)
    [Anonymous Symbol]                       0x08002a94   Section        0  gd32l23x_usart.o(.text.usart_receive_config)
    [Anonymous Symbol]                       0x08002abc   Section        0  gd32l23x_usart.o(.text.usart_stop_bit_set)
    [Anonymous Symbol]                       0x08002af0   Section        0  gd32l23x_usart.o(.text.usart_transmit_config)
    [Anonymous Symbol]                       0x08002b18   Section        0  gd32l23x_usart.o(.text.usart_word_length_set)
    i.__scatterload_copy                     0x08002b4c   Section       14  handlers.o(i.__scatterload_copy)
    i.__scatterload_null                     0x08002b5a   Section        2  handlers.o(i.__scatterload_null)
    i.__scatterload_zeroinit                 0x08002b5c   Section       14  handlers.o(i.__scatterload_zeroinit)
    [Anonymous Symbol]                       0x08002c44   Section        0  gd32l23x_rcu.o(.rodata.rcu_clock_freq_get.IRC16M_exp)
    rcu_clock_freq_get.IRC16M_exp            0x08002c44   Data           8  gd32l23x_rcu.o(.rodata.rcu_clock_freq_get.IRC16M_exp)
    [Anonymous Symbol]                       0x08002c4c   Section        0  gd32l23x_rcu.o(.rodata.rcu_clock_freq_get.ahb_exp)
    rcu_clock_freq_get.ahb_exp               0x08002c4c   Data          16  gd32l23x_rcu.o(.rodata.rcu_clock_freq_get.ahb_exp)
    [Anonymous Symbol]                       0x08002c5c   Section        0  gd32l23x_rcu.o(.rodata.rcu_clock_freq_get.apb1_exp)
    rcu_clock_freq_get.apb1_exp              0x08002c5c   Data           8  gd32l23x_rcu.o(.rodata.rcu_clock_freq_get.apb1_exp)
    [Anonymous Symbol]                       0x08002c64   Section        0  gd32l23x_rcu.o(.rodata.rcu_clock_freq_get.apb2_exp)
    rcu_clock_freq_get.apb2_exp              0x08002c64   Data           8  gd32l23x_rcu.o(.rodata.rcu_clock_freq_get.apb2_exp)
    [Anonymous Symbol]                       0x08002c6c   Section        0  main.o(.rodata.str1.1)
    .L.str                                   0x08002c6c   Data          16  main.o(.rodata.str1.1)
    .L.str.5                                 0x08002c7c   Data          15  main.o(.rodata.str1.1)
    .L.str.1                                 0x08002c8b   Data          18  main.o(.rodata.str1.1)
    .L.str.3                                 0x08002c99   Data          11  main.o(.rodata.str1.1)
    .L.str.2                                 0x08002c9d   Data          11  main.o(.rodata.str1.1)
    .L.str.4                                 0x08002ca4   Data          17  main.o(.rodata.str1.1)
    [Anonymous Symbol]                       0x08002ca8   Section        0  uart_dbg.o(.rodata.str1.1)
    .L.str.1                                 0x08002ca8   Data          18  uart_dbg.o(.rodata.str1.1)
    .L.str.3                                 0x08002caa   Data          16  uart_dbg.o(.rodata.str1.1)
    .L.str.4                                 0x08002cba   Data          16  uart_dbg.o(.rodata.str1.1)
    .L.str.7                                 0x08002cca   Data          14  uart_dbg.o(.rodata.str1.1)
    .L.str.6                                 0x08002cd8   Data          18  uart_dbg.o(.rodata.str1.1)
    .L.str.5                                 0x08002cea   Data          19  uart_dbg.o(.rodata.str1.1)
    .L.str.8                                 0x08002cfd   Data           9  uart_dbg.o(.rodata.str1.1)
    .L.str                                   0x08002d06   Data           8  uart_dbg.o(.rodata.str1.1)
    .L.str.2                                 0x08002d0e   Data           7  uart_dbg.o(.rodata.str1.1)
    [Anonymous Symbol]                       0x08002d15   Section        0  option.o(.rodata.str1.1)
    .L.str                                   0x08002d15   Data          21  option.o(.rodata.str1.1)
    .L.str.1                                 0x08002d2a   Data          23  option.o(.rodata.str1.1)
    .L.str.2                                 0x08002d41   Data          19  option.o(.rodata.str1.1)
    .L.str.3                                 0x08002d54   Data          24  option.o(.rodata.str1.1)
    STACK                                    0x20000228   Section     1024  startup_gd32l23x.o(STACK)

    Global Symbols

    Symbol Name                              Value     Ov Type        Size  Object(Section)

    BuildAttributes$$THM_ISAv3M$S$8M$PE$A:L22$X:L11$S22$IEEE1$IW$~IW$USESV6$~STKCKD$USESV7$~SHL$OSPACE$EBA8$MICROLIB$REQ8$PRES8$EABIv2 0x00000000   Number         0  anon$$obj.o ABSOLUTE
    __cpp_initialize__aeabi_                  - Undefined Weak Reference
    __cxa_finalize                            - Undefined Weak Reference
    __decompress                              - Undefined Weak Reference
    _clock_init                               - Undefined Weak Reference
    _microlib_exit                            - Undefined Weak Reference
    __Vectors_Size                           0x00000154   Number         0  startup_gd32l23x.o ABSOLUTE
    __Vectors                                0x08000000   Data           4  startup_gd32l23x.o(RESET)
    __Vectors_End                            0x08000154   Data           0  startup_gd32l23x.o(RESET)
    __main                                   0x08000155   Thumb Code     0  entry.o(.ARM.Collect$$$$00000000)
    _main_stk                                0x08000155   Thumb Code     0  entry2.o(.ARM.Collect$$$$00000001)
    _main_scatterload                        0x08000159   Thumb Code     0  entry5.o(.ARM.Collect$$$$00000004)
    __main_after_scatterload                 0x0800015d   Thumb Code     0  entry5.o(.ARM.Collect$$$$00000004)
    _main_clock                              0x0800015d   Thumb Code     0  entry7b.o(.ARM.Collect$$$$00000008)
    _main_cpp_init                           0x0800015d   Thumb Code     0  entry8b.o(.ARM.Collect$$$$0000000A)
    _main_init                               0x0800015d   Thumb Code     0  entry9a.o(.ARM.Collect$$$$0000000B)
    __rt_final_cpp                           0x08000165   Thumb Code     0  entry10a.o(.ARM.Collect$$$$0000000D)
    __rt_final_exit                          0x08000165   Thumb Code     0  entry11a.o(.ARM.Collect$$$$0000000F)
    Reset_Handler                            0x08000169   Thumb Code     8  startup_gd32l23x.o(.text)
    NMI_Handler                              0x08000171   Thumb Code     2  startup_gd32l23x.o(.text)
    HardFault_Handler                        0x08000173   Thumb Code     2  startup_gd32l23x.o(.text)
    SVC_Handler                              0x08000175   Thumb Code     2  startup_gd32l23x.o(.text)
    PendSV_Handler                           0x08000177   Thumb Code     2  startup_gd32l23x.o(.text)
    ADC_IRQHandler                           0x0800017b   Thumb Code     0  startup_gd32l23x.o(.text)
    CAU_IRQHandler                           0x0800017b   Thumb Code     0  startup_gd32l23x.o(.text)
    CMP0_IRQHandler                          0x0800017b   Thumb Code     0  startup_gd32l23x.o(.text)
    CMP1_IRQHandler                          0x0800017b   Thumb Code     0  startup_gd32l23x.o(.text)
    DAC_IRQHandler                           0x0800017b   Thumb Code     0  startup_gd32l23x.o(.text)
    DMAMUX_IRQHandler                        0x0800017b   Thumb Code     0  startup_gd32l23x.o(.text)
    DMA_Channel0_IRQHandler                  0x0800017b   Thumb Code     0  startup_gd32l23x.o(.text)
    DMA_Channel1_IRQHandler                  0x0800017b   Thumb Code     0  startup_gd32l23x.o(.text)
    DMA_Channel2_IRQHandler                  0x0800017b   Thumb Code     0  startup_gd32l23x.o(.text)
    DMA_Channel3_IRQHandler                  0x0800017b   Thumb Code     0  startup_gd32l23x.o(.text)
    DMA_Channel4_IRQHandler                  0x0800017b   Thumb Code     0  startup_gd32l23x.o(.text)
    DMA_Channel5_IRQHandler                  0x0800017b   Thumb Code     0  startup_gd32l23x.o(.text)
    DMA_Channel6_IRQHandler                  0x0800017b   Thumb Code     0  startup_gd32l23x.o(.text)
    EXTI0_IRQHandler                         0x0800017b   Thumb Code     0  startup_gd32l23x.o(.text)
    EXTI2_IRQHandler                         0x0800017b   Thumb Code     0  startup_gd32l23x.o(.text)
    EXTI3_IRQHandler                         0x0800017b   Thumb Code     0  startup_gd32l23x.o(.text)
    EXTI4_IRQHandler                         0x0800017b   Thumb Code     0  startup_gd32l23x.o(.text)
    FMC_IRQHandler                           0x0800017b   Thumb Code     0  startup_gd32l23x.o(.text)
    I2C0_ER_IRQHandler                       0x0800017b   Thumb Code     0  startup_gd32l23x.o(.text)
    I2C0_EV_IRQHandler                       0x0800017b   Thumb Code     0  startup_gd32l23x.o(.text)
    I2C0_WKUP_IRQHandler                     0x0800017b   Thumb Code     0  startup_gd32l23x.o(.text)
    I2C1_ER_IRQHandler                       0x0800017b   Thumb Code     0  startup_gd32l23x.o(.text)
    I2C1_EV_IRQHandler                       0x0800017b   Thumb Code     0  startup_gd32l23x.o(.text)
    I2C1_WKUP_IRQHandler                     0x0800017b   Thumb Code     0  startup_gd32l23x.o(.text)
    I2C2_ER_IRQHandler                       0x0800017b   Thumb Code     0  startup_gd32l23x.o(.text)
    I2C2_EV_IRQHandler                       0x0800017b   Thumb Code     0  startup_gd32l23x.o(.text)
    I2C2_WKUP_IRQHandler                     0x0800017b   Thumb Code     0  startup_gd32l23x.o(.text)
    LPTIMER_IRQHandler                       0x0800017b   Thumb Code     0  startup_gd32l23x.o(.text)
    LPUART_WKUP_IRQHandler                   0x0800017b   Thumb Code     0  startup_gd32l23x.o(.text)
    LVD_IRQHandler                           0x0800017b   Thumb Code     0  startup_gd32l23x.o(.text)
    RCU_CTC_IRQHandler                       0x0800017b   Thumb Code     0  startup_gd32l23x.o(.text)
    RTC_Alarm_IRQHandler                     0x0800017b   Thumb Code     0  startup_gd32l23x.o(.text)
    RTC_WKUP_IRQHandler                      0x0800017b   Thumb Code     0  startup_gd32l23x.o(.text)
    SLCD_IRQHandler                          0x0800017b   Thumb Code     0  startup_gd32l23x.o(.text)
    SPI0_IRQHandler                          0x0800017b   Thumb Code     0  startup_gd32l23x.o(.text)
    SPI1_IRQHandler                          0x0800017b   Thumb Code     0  startup_gd32l23x.o(.text)
    TAMPER_STAMP_IRQHandler                  0x0800017b   Thumb Code     0  startup_gd32l23x.o(.text)
    TIMER11_IRQHandler                       0x0800017b   Thumb Code     0  startup_gd32l23x.o(.text)
    TIMER1_IRQHandler                        0x0800017b   Thumb Code     0  startup_gd32l23x.o(.text)
    TIMER2_IRQHandler                        0x0800017b   Thumb Code     0  startup_gd32l23x.o(.text)
    TIMER5_IRQHandler                        0x0800017b   Thumb Code     0  startup_gd32l23x.o(.text)
    TIMER6_IRQHandler                        0x0800017b   Thumb Code     0  startup_gd32l23x.o(.text)
    TIMER8_IRQHandler                        0x0800017b   Thumb Code     0  startup_gd32l23x.o(.text)
    TRNG_IRQHandler                          0x0800017b   Thumb Code     0  startup_gd32l23x.o(.text)
    UART3_IRQHandler                         0x0800017b   Thumb Code     0  startup_gd32l23x.o(.text)
    UART4_IRQHandler                         0x0800017b   Thumb Code     0  startup_gd32l23x.o(.text)
    USART0_WKUP_IRQHandler                   0x0800017b   Thumb Code     0  startup_gd32l23x.o(.text)
    USART1_IRQHandler                        0x0800017b   Thumb Code     0  startup_gd32l23x.o(.text)
    USART1_WKUP_IRQHandler                   0x0800017b   Thumb Code     0  startup_gd32l23x.o(.text)
    USBD_HP_IRQHandler                       0x0800017b   Thumb Code     0  startup_gd32l23x.o(.text)
    USBD_LP_IRQHandler                       0x0800017b   Thumb Code     0  startup_gd32l23x.o(.text)
    USBD_WKUP_IRQHandler                     0x0800017b   Thumb Code     0  startup_gd32l23x.o(.text)
    WWDGT_IRQHandler                         0x0800017b   Thumb Code     0  startup_gd32l23x.o(.text)
    __scatterload                            0x08000185   Thumb Code    28  init.o(.text)
    __scatterload_rt2                        0x08000185   Thumb Code     0  init.o(.text)
    CallPer10mS                              0x080001a9   Thumb Code     2  main.o(.text.CallPer10mS)
    CallPer1S                                0x080001ad   Thumb Code   116  main.o(.text.CallPer1S)
    CheckForPwrStatus                        0x08000215   Thumb Code   136  main.o(.text.CheckForPwrStatus)
    CtrlMotor                                0x08000299   Thumb Code    48  uart_dbg.o(.text.CtrlMotor)
    DbgUartService                           0x080002c5   Thumb Code   260  uart_dbg.o(.text.DbgUartService)
    EXTI10_15_IRQHandler                     0x080003c1   Thumb Code   116  gpio.o(.text.EXTI10_15_IRQHandler)
    EXTI1_IRQHandler                         0x08000429   Thumb Code    48  gpio.o(.text.EXTI1_IRQHandler)
    EXTI5_9_IRQHandler                       0x08000451   Thumb Code   124  gpio.o(.text.EXTI5_9_IRQHandler)
    GpioInit                                 0x080004cd   Thumb Code   328  gpio.o(.text.GpioInit)
    HandleCmd                                0x08000615   Thumb Code   108  uart_dbg.o(.text.HandleCmd)
    LPUART_IRQHandler                        0x08000681   Thumb Code   224  uart_to_host.o(.text.LPUART_IRQHandler)
    LoadDevConfig                            0x0800075d   Thumb Code    84  option.o(.text.LoadDevConfig)
    PowerService                             0x080007b1   Thumb Code   424  main.o(.text.PowerService)
    PrintCmdChar                             0x08000959   Thumb Code    72  uart_dbg.o(.text.PrintCmdChar)
    ReqDbgSndChar                            0x080009a1   Thumb Code   100  uart_dbg.o(.text.ReqDbgSndChar)
    SaveDevConfig                            0x08000a05   Thumb Code    20  option.o(.text.SaveDevConfig)
    SetPrint                                 0x08000a19   Thumb Code   120  uart_dbg.o(.text.SetPrint)
    SetPwmConfig                             0x08000a89   Thumb Code   356  uart_dbg.o(.text.SetPwmConfig)
    SetToHostUartTxPin                       0x08000be9   Thumb Code    40  main.o(.text.SetToHostUartTxPin)
    SetTxAsInput                             0x08000c11   Thumb Code    24  main.o(.text.SetTxAsInput)
    ShowDevConfig                            0x08000c29   Thumb Code   264  uart_dbg.o(.text.ShowDevConfig)
    SysTick_Handler                          0x08000d89   Thumb Code    16  systick.o(.text.SysTick_Handler)
    SystemInit                               0x08000d99   Thumb Code   156  system_gd32l23x.o(.text.SystemInit)
    USART0_IRQHandler                        0x08000e35   Thumb Code   156  uart_dbg.o(.text.USART0_IRQHandler)
    UartDbgInit                              0x08000ebd   Thumb Code   244  uart_dbg.o(.text.UartDbgInit)
    aToUShort                                0x08001105   Thumb Code   154  uart_dbg.o(.text.aToUShort)
    do_default                               0x080011a1   Thumb Code   140  option.o(.text.do_default)
    exti_flag_clear                          0x08001229   Thumb Code    24  gd32l23x_exti.o(.text.exti_flag_clear)
    exti_init                                0x0800123d   Thumb Code   240  gd32l23x_exti.o(.text.exti_init)
    exti_interrupt_flag_clear                0x0800132d   Thumb Code    24  gd32l23x_exti.o(.text.exti_interrupt_flag_clear)
    exti_interrupt_flag_get                  0x08001341   Thumb Code    48  gd32l23x_exti.o(.text.exti_interrupt_flag_get)
    fmc_erase_pages                          0x08001371   Thumb Code    44  option.o(.text.fmc_erase_pages)
    fmc_erase_pages_check                    0x08001399   Thumb Code    68  option.o(.text.fmc_erase_pages_check)
    fmc_flag_clear                           0x080013d9   Thumb Code    24  gd32l23x_fmc.o(.text.fmc_flag_clear)
    fmc_lock                                 0x080013ed   Thumb Code    16  gd32l23x_fmc.o(.text.fmc_lock)
    fmc_page_erase                           0x080013f9   Thumb Code   100  gd32l23x_fmc.o(.text.fmc_page_erase)
    fmc_program                              0x08001459   Thumb Code    76  option.o(.text.fmc_program)
    fmc_program_check                        0x0800149d   Thumb Code    84  option.o(.text.fmc_program_check)
    fmc_unlock                               0x080015e1   Thumb Code    44  gd32l23x_fmc.o(.text.fmc_unlock)
    fmc_word_program                         0x08001609   Thumb Code    92  gd32l23x_fmc.o(.text.fmc_word_program)
    gpio_af_set                              0x08001665   Thumb Code   210  gd32l23x_gpio.o(.text.gpio_af_set)
    gpio_bit_reset                           0x08001737   Thumb Code    24  gd32l23x_gpio.o(.text.gpio_bit_reset)
    gpio_bit_set                             0x0800174f   Thumb Code    24  gd32l23x_gpio.o(.text.gpio_bit_set)
    gpio_input_bit_get                       0x08001767   Thumb Code    50  gd32l23x_gpio.o(.text.gpio_input_bit_get)
    gpio_mode_set                            0x08001799   Thumb Code   162  gd32l23x_gpio.o(.text.gpio_mode_set)
    gpio_output_options_set                  0x0800183b   Thumb Code   156  gd32l23x_gpio.o(.text.gpio_output_options_set)
    lpuart_data_receive                      0x080018d9   Thumb Code    20  gd32l23x_lpuart.o(.text.lpuart_data_receive)
    lpuart_data_transmit                     0x080018e9   Thumb Code    32  gd32l23x_lpuart.o(.text.lpuart_data_transmit)
    lpuart_flag_clear                        0x08001909   Thumb Code    36  gd32l23x_lpuart.o(.text.lpuart_flag_clear)
    lpuart_interrupt_disable                 0x0800192d   Thumb Code    44  gd32l23x_lpuart.o(.text.lpuart_interrupt_disable)
    lpuart_interrupt_flag_get                0x08001955   Thumb Code   112  gd32l23x_lpuart.o(.text.lpuart_interrupt_flag_get)
    m_pow                                    0x080019c5   Thumb Code    48  uart_dbg.o(.text.m_pow)
    m_printf                                 0x080019f5   Thumb Code   996  uart_dbg.o(.text.m_printf)
    main                                     0x08001dd9   Thumb Code   352  main.o(.text.main)
    nvic_irq_enable                          0x08001f39   Thumb Code    46  gd32l23x_misc.o(.text.nvic_irq_enable)
    nvic_vector_table_set                    0x08001f69   Thumb Code    48  gd32l23x_misc.o(.text.nvic_vector_table_set)
    pmu_ldo_output_select                    0x08001f99   Thumb Code    36  gd32l23x_pmu.o(.text.pmu_ldo_output_select)
    pmu_to_deepsleepmode                     0x08001fb9   Thumb Code   144  gd32l23x_pmu.o(.text.pmu_to_deepsleepmode)
    rcu_clock_freq_get                       0x08002049   Thumb Code  1508  gd32l23x_rcu.o(.text.rcu_clock_freq_get)
    rcu_periph_clock_enable                  0x0800262d   Thumb Code    44  gd32l23x_rcu.o(.text.rcu_periph_clock_enable)
    rcu_periph_reset_disable                 0x08002655   Thumb Code    44  gd32l23x_rcu.o(.text.rcu_periph_reset_disable)
    rcu_periph_reset_enable                  0x0800267d   Thumb Code    44  gd32l23x_rcu.o(.text.rcu_periph_reset_enable)
    syscfg_exti_line_config                  0x080026a9   Thumb Code   188  gd32l23x_syscfg.o(.text.syscfg_exti_line_config)
    systick_config                           0x0800279d   Thumb Code    44  systick.o(.text.systick_config)
    usart_baudrate_set                       0x080027c9   Thumb Code   240  gd32l23x_usart.o(.text.usart_baudrate_set)
    usart_data_receive                       0x080028a9   Thumb Code    24  gd32l23x_usart.o(.text.usart_data_receive)
    usart_data_transmit                      0x080028bd   Thumb Code    36  gd32l23x_usart.o(.text.usart_data_transmit)
    usart_deinit                             0x080028e1   Thumb Code   156  gd32l23x_usart.o(.text.usart_deinit)
    usart_enable                             0x0800297d   Thumb Code    22  gd32l23x_usart.o(.text.usart_enable)
    usart_interrupt_disable                  0x08002993   Thumb Code    44  gd32l23x_usart.o(.text.usart_interrupt_disable)
    usart_interrupt_enable                   0x080029bf   Thumb Code    44  gd32l23x_usart.o(.text.usart_interrupt_enable)
    usart_interrupt_flag_get                 0x080029ed   Thumb Code   116  gd32l23x_usart.o(.text.usart_interrupt_flag_get)
    usart_parity_config                      0x08002a61   Thumb Code    52  gd32l23x_usart.o(.text.usart_parity_config)
    usart_receive_config                     0x08002a95   Thumb Code    40  gd32l23x_usart.o(.text.usart_receive_config)
    usart_stop_bit_set                       0x08002abd   Thumb Code    52  gd32l23x_usart.o(.text.usart_stop_bit_set)
    usart_transmit_config                    0x08002af1   Thumb Code    40  gd32l23x_usart.o(.text.usart_transmit_config)
    usart_word_length_set                    0x08002b19   Thumb Code    52  gd32l23x_usart.o(.text.usart_word_length_set)
    __scatterload_copy                       0x08002b4d   Thumb Code    14  handlers.o(i.__scatterload_copy)
    __scatterload_null                       0x08002b5b   Thumb Code     2  handlers.o(i.__scatterload_null)
    __scatterload_zeroinit                   0x08002b5d   Thumb Code    14  handlers.o(i.__scatterload_zeroinit)
    DbgUartCmds                              0x08002b6c   Data          84  uart_dbg.o(.rodata.DbgUartCmds)
    DefaultCfgDesc                           0x08002bc0   Data          16  uart_dbg.o(.rodata.DefaultCfgDesc)
    PrintCmdDesc                             0x08002bd0   Data          11  uart_dbg.o(.rodata.PrintCmdDesc)
    SaveCfgDesc                              0x08002bdb   Data          13  uart_dbg.o(.rodata.SaveCfgDesc)
    SetPrintDesc                             0x08002be8   Data          35  uart_dbg.o(.rodata.SetPrintDesc)
    SetPwmConfigDesc                         0x08002c0b   Data          16  uart_dbg.o(.rodata.SetPwmConfigDesc)
    ShowCtrlMotorDesc                        0x08002c1b   Data          11  uart_dbg.o(.rodata.ShowCtrlMotorDesc)
    ShowDevCfgDesc                           0x08002c26   Data          14  uart_dbg.o(.rodata.ShowDevCfgDesc)
    commandParaErr                           0x08002c34   Data          16  uart_dbg.o(.rodata.commandParaErr)
    Region$$Table$$Base                      0x08002d6c   Number         0  anon$$obj.o(Region$$Table)
    Region$$Table$$Limit                     0x08002d8c   Number         0  anon$$obj.o(Region$$Table)
    SystemCoreClock                          0x20000000   Data           4  system_gd32l23x.o(.data.SystemCoreClock)
    BatVolt                                  0x20000008   Data           2  main.o(.bss.BatVolt)
    CntFor10mS                               0x2000000a   Data           1  main.o(.bss.CntFor10mS)
    CntFor1S                                 0x2000000b   Data           1  main.o(.bss.CntFor1S)
    CntSysTick                               0x2000000c   Data           4  main.o(.bss.CntSysTick)
    CnvBatVol                                0x20000010   Data           1  main.o(.bss.CnvBatVol)
    DBGRxBuf                                 0x20000011   Data          32  uart_dbg.o(.bss.DBGRxBuf)
    DBGRxCache                               0x20000031   Data           1  uart_dbg.o(.bss.DBGRxCache)
    DBGRxCnt                                 0x20000032   Data           1  uart_dbg.o(.bss.DBGRxCnt)
    DBGRxDtState                             0x20000033   Data           1  uart_dbg.o(.bss.DBGRxDtState)
    DBGSndBuf                                0x20000034   Data         128  uart_dbg.o(.bss.DBGSndBuf)
    DbgSetPwrOn                              0x200000b4   Data           1  main.o(.bss.DbgSetPwrOn)
    DevConfig                                0x200000b8   Data          76  main.o(.bss.DevConfig)
    DlyCnvBatVol                             0x20000104   Data           1  main.o(.bss.DlyCnvBatVol)
    DlyTkeyBL                                0x20000105   Data           1  main.o(.bss.DlyTkeyBL)
    EnSetHostInt                             0x20000106   Data           1  main.o(.bss.EnSetHostInt)
    GpioDbgLve                               0x20000107   Data           1  gpio.o(.bss.GpioDbgLve)
    Motor                                    0x20000108   Data          16  gpio.o(.bss.Motor)
    PowerStatus                              0x20000118   Data           1  main.o(.bss.PowerStatus)
    PowerStatusDly                           0x2000011a   Data           2  main.o(.bss.PowerStatusDly)
    ReqMotor                                 0x2000011c   Data           1  gpio.o(.bss.ReqMotor)
    ToHostDbgLve                             0x2000011d   Data           1  uart_to_host.o(.bss.ToHostDbgLve)
    UartHostInf                              0x20000120   Data         252  uart_to_host.o(.bss.UartHostInf)
    g_Int1mS                                 0x2000021c   Data           1  main.o(.bss.g_Int1mS)
    lpuart_wakeup                            0x2000021d   Data           1  main.o(.bss.lpuart_wakeup)
    pDBGCurrentSnd                           0x20000220   Data           4  uart_dbg.o(.bss.pDBGCurrentSnd)
    pDBGEndOfSnd                             0x20000224   Data           4  uart_dbg.o(.bss.pDBGEndOfSnd)
    __initial_sp                             0x20000628   Data           0  startup_gd32l23x.o(STACK)



==============================================================================

Memory Map of the image

  Image Entry point : 0x08000155

  Load Region LR_IROM1 (Base: 0x08000000, Size: 0x00002d98, Max: 0x00020000, ABSOLUTE)

    Execution Region ER_IROM1 (Exec base: 0x08000000, Load base: 0x08000000, Size: 0x00002d8c, Max: 0x00020000, ABSOLUTE)

    Exec Addr    Load Addr    Size         Type   Attr      Idx    E Section Name        Object

    0x08000000   0x08000000   0x00000154   Data   RO         1944    RESET               startup_gd32l23x.o
    0x08000154   0x08000154   0x00000000   Code   RO         2127  * .ARM.Collect$$$$00000000  mc_p.l(entry.o)
    0x08000154   0x08000154   0x00000004   Code   RO         2134    .ARM.Collect$$$$00000001  mc_p.l(entry2.o)
    0x08000158   0x08000158   0x00000004   Code   RO         2137    .ARM.Collect$$$$00000004  mc_p.l(entry5.o)
    0x0800015c   0x0800015c   0x00000000   Code   RO         2139    .ARM.Collect$$$$00000008  mc_p.l(entry7b.o)
    0x0800015c   0x0800015c   0x00000000   Code   RO         2141    .ARM.Collect$$$$0000000A  mc_p.l(entry8b.o)
    0x0800015c   0x0800015c   0x00000008   Code   RO         2142    .ARM.Collect$$$$0000000B  mc_p.l(entry9a.o)
    0x08000164   0x08000164   0x00000000   Code   RO         2144    .ARM.Collect$$$$0000000D  mc_p.l(entry10a.o)
    0x08000164   0x08000164   0x00000000   Code   RO         2146    .ARM.Collect$$$$0000000F  mc_p.l(entry11a.o)
    0x08000164   0x08000164   0x00000004   Code   RO         2135    .ARM.Collect$$$$00002712  mc_p.l(entry2.o)
    0x08000168   0x08000168   0x0000001c   Code   RO         1945    .text               startup_gd32l23x.o
    0x08000184   0x08000184   0x00000024   Code   RO         2148    .text               mc_p.l(init.o)
    0x080001a8   0x080001a8   0x00000002   Code   RO           10    .text.CallPer10mS   main.o
    0x080001aa   0x080001aa   0x00000002   PAD
    0x080001ac   0x080001ac   0x00000068   Code   RO           16    .text.CallPer1S     main.o
    0x08000214   0x08000214   0x00000084   Code   RO            6    .text.CheckForPwrStatus  main.o
    0x08000298   0x08000298   0x0000002c   Code   RO         1987    .text.CtrlMotor     uart_dbg.o
    0x080002c4   0x080002c4   0x000000fc   Code   RO         1995    .text.DbgUartService  uart_dbg.o
    0x080003c0   0x080003c0   0x00000068   Code   RO         2039    .text.EXTI10_15_IRQHandler  gpio.o
    0x08000428   0x08000428   0x00000028   Code   RO         2035    .text.EXTI1_IRQHandler  gpio.o
    0x08000450   0x08000450   0x0000007c   Code   RO         2037    .text.EXTI5_9_IRQHandler  gpio.o
    0x080004cc   0x080004cc   0x00000148   Code   RO         2033    .text.GpioInit      gpio.o
    0x08000614   0x08000614   0x0000006c   Code   RO         1993    .text.HandleCmd     uart_dbg.o
    0x08000680   0x08000680   0x000000dc   Code   RO         2058    .text.LPUART_IRQHandler  uart_to_host.o
    0x0800075c   0x0800075c   0x00000054   Code   RO         2114    .text.LoadDevConfig  option.o
    0x080007b0   0x080007b0   0x000001a8   Code   RO            8    .text.PowerService  main.o
    0x08000958   0x08000958   0x00000048   Code   RO         1991    .text.PrintCmdChar  uart_dbg.o
    0x080009a0   0x080009a0   0x00000064   Code   RO         1975    .text.ReqDbgSndChar  uart_dbg.o
    0x08000a04   0x08000a04   0x00000014   Code   RO         2110    .text.SaveDevConfig  option.o
    0x08000a18   0x08000a18   0x00000070   Code   RO         1983    .text.SetPrint      uart_dbg.o
    0x08000a88   0x08000a88   0x00000160   Code   RO         1989    .text.SetPwmConfig  uart_dbg.o
    0x08000be8   0x08000be8   0x00000028   Code   RO            4    .text.SetToHostUartTxPin  main.o
    0x08000c10   0x08000c10   0x00000018   Code   RO            2    .text.SetTxAsInput  main.o
    0x08000c28   0x08000c28   0x00000108   Code   RO         1985    .text.ShowDevConfig  uart_dbg.o
    0x08000d30   0x08000d30   0x00000058   Code   RO         1954    .text.SysTick_Config  systick.o
    0x08000d88   0x08000d88   0x00000010   Code   RO         1958    .text.SysTick_Handler  systick.o
    0x08000d98   0x08000d98   0x0000009c   Code   RO           46    .text.SystemInit    system_gd32l23x.o
    0x08000e34   0x08000e34   0x00000088   Code   RO         1973    .text.USART0_IRQHandler  uart_dbg.o
    0x08000ebc   0x08000ebc   0x000000f4   Code   RO         1971    .text.UartDbgInit   uart_dbg.o
    0x08000fb0   0x08000fb0   0x0000003c   Code   RO          317    .text.__NVIC_EnableIRQ  gd32l23x_misc.o
    0x08000fec   0x08000fec   0x00000088   Code   RO          315    .text.__NVIC_SetPriority  gd32l23x_misc.o
    0x08001074   0x08001074   0x00000090   Code   RO         1956    .text.__NVIC_SetPriority  systick.o
    0x08001104   0x08001104   0x0000009a   Code   RO         1981    .text.aToUShort     uart_dbg.o
    0x0800119e   0x0800119e   0x00000002   PAD
    0x080011a0   0x080011a0   0x00000088   Code   RO         2112    .text.do_default    option.o
    0x08001228   0x08001228   0x00000014   Code   RO          255    .text.exti_flag_clear  gd32l23x_exti.o
    0x0800123c   0x0800123c   0x000000f0   Code   RO          239    .text.exti_init     gd32l23x_exti.o
    0x0800132c   0x0800132c   0x00000014   Code   RO          259    .text.exti_interrupt_flag_clear  gd32l23x_exti.o
    0x08001340   0x08001340   0x00000030   Code   RO          257    .text.exti_interrupt_flag_get  gd32l23x_exti.o
    0x08001370   0x08001370   0x00000028   Code   RO         2102    .text.fmc_erase_pages  option.o
    0x08001398   0x08001398   0x00000040   Code   RO         2104    .text.fmc_erase_pages_check  option.o
    0x080013d8   0x080013d8   0x00000014   Code   RO         1150    .text.fmc_flag_clear  gd32l23x_fmc.o
    0x080013ec   0x080013ec   0x0000000c   Code   RO         1094    .text.fmc_lock      gd32l23x_fmc.o
    0x080013f8   0x080013f8   0x00000060   Code   RO         1116    .text.fmc_page_erase  gd32l23x_fmc.o
    0x08001458   0x08001458   0x00000044   Code   RO         2106    .text.fmc_program   option.o
    0x0800149c   0x0800149c   0x00000054   Code   RO         2108    .text.fmc_program_check  option.o
    0x080014f0   0x080014f0   0x0000006a   Code   RO         1118    .text.fmc_ready_wait  gd32l23x_fmc.o
    0x0800155a   0x0800155a   0x00000002   PAD
    0x0800155c   0x0800155c   0x00000084   Code   RO         1160    .text.fmc_state_get  gd32l23x_fmc.o
    0x080015e0   0x080015e0   0x00000028   Code   RO         1092    .text.fmc_unlock    gd32l23x_fmc.o
    0x08001608   0x08001608   0x0000005c   Code   RO         1122    .text.fmc_word_program  gd32l23x_fmc.o
    0x08001664   0x08001664   0x000000d2   Code   RO          294    .text.gpio_af_set   gd32l23x_gpio.o
    0x08001736   0x08001736   0x00000018   Code   RO          280    .text.gpio_bit_reset  gd32l23x_gpio.o
    0x0800174e   0x0800174e   0x00000018   Code   RO          278    .text.gpio_bit_set  gd32l23x_gpio.o
    0x08001766   0x08001766   0x00000032   Code   RO          286    .text.gpio_input_bit_get  gd32l23x_gpio.o
    0x08001798   0x08001798   0x000000a2   Code   RO          274    .text.gpio_mode_set  gd32l23x_gpio.o
    0x0800183a   0x0800183a   0x0000009c   Code   RO          276    .text.gpio_output_options_set  gd32l23x_gpio.o
    0x080018d6   0x080018d6   0x00000002   PAD
    0x080018d8   0x080018d8   0x00000010   Code   RO         1338    .text.lpuart_data_receive  gd32l23x_lpuart.o
    0x080018e8   0x080018e8   0x00000020   Code   RO         1336    .text.lpuart_data_transmit  gd32l23x_lpuart.o
    0x08001908   0x08001908   0x00000024   Code   RO         1388    .text.lpuart_flag_clear  gd32l23x_lpuart.o
    0x0800192c   0x0800192c   0x00000028   Code   RO         1392    .text.lpuart_interrupt_disable  gd32l23x_lpuart.o
    0x08001954   0x08001954   0x00000070   Code   RO         1394    .text.lpuart_interrupt_flag_get  gd32l23x_lpuart.o
    0x080019c4   0x080019c4   0x00000030   Code   RO         1977    .text.m_pow         uart_dbg.o
    0x080019f4   0x080019f4   0x000003e4   Code   RO         1979    .text.m_printf      uart_dbg.o
    0x08001dd8   0x08001dd8   0x00000160   Code   RO           18    .text.main          main.o
    0x08001f38   0x08001f38   0x0000002e   Code   RO          313    .text.nvic_irq_enable  gd32l23x_misc.o
    0x08001f66   0x08001f66   0x00000002   PAD
    0x08001f68   0x08001f68   0x00000030   Code   RO          327    .text.nvic_vector_table_set  gd32l23x_misc.o
    0x08001f98   0x08001f98   0x00000020   Code   RO         1415    .text.pmu_ldo_output_select  gd32l23x_pmu.o
    0x08001fb8   0x08001fb8   0x00000090   Code   RO         1429    .text.pmu_to_deepsleepmode  gd32l23x_pmu.o
    0x08002048   0x08002048   0x000005e4   Code   RO          426    .text.rcu_clock_freq_get  gd32l23x_rcu.o
    0x0800262c   0x0800262c   0x00000028   Code   RO          348    .text.rcu_periph_clock_enable  gd32l23x_rcu.o
    0x08002654   0x08002654   0x00000028   Code   RO          358    .text.rcu_periph_reset_disable  gd32l23x_rcu.o
    0x0800267c   0x0800267c   0x0000002c   Code   RO          356    .text.rcu_periph_reset_enable  gd32l23x_rcu.o
    0x080026a8   0x080026a8   0x000000bc   Code   RO          455    .text.syscfg_exti_line_config  gd32l23x_syscfg.o
    0x08002764   0x08002764   0x00000030   Code   RO           52    .text.system_clock_16m_irc16m  system_gd32l23x.o
    0x08002794   0x08002794   0x00000008   Code   RO           48    .text.system_clock_config  system_gd32l23x.o
    0x0800279c   0x0800279c   0x0000002c   Code   RO         1952    .text.systick_config  systick.o
    0x080027c8   0x080027c8   0x000000e0   Code   RO          482    .text.usart_baudrate_set  gd32l23x_usart.o
    0x080028a8   0x080028a8   0x00000014   Code   RO          518    .text.usart_data_receive  gd32l23x_usart.o
    0x080028bc   0x080028bc   0x00000024   Code   RO          516    .text.usart_data_transmit  gd32l23x_usart.o
    0x080028e0   0x080028e0   0x0000009c   Code   RO          480    .text.usart_deinit  gd32l23x_usart.o
    0x0800297c   0x0800297c   0x00000016   Code   RO          490    .text.usart_enable  gd32l23x_usart.o
    0x08002992   0x08002992   0x0000002c   Code   RO          616    .text.usart_interrupt_disable  gd32l23x_usart.o
    0x080029be   0x080029be   0x0000002c   Code   RO          614    .text.usart_interrupt_enable  gd32l23x_usart.o
    0x080029ea   0x080029ea   0x00000002   PAD
    0x080029ec   0x080029ec   0x00000074   Code   RO          618    .text.usart_interrupt_flag_get  gd32l23x_usart.o
    0x08002a60   0x08002a60   0x00000034   Code   RO          484    .text.usart_parity_config  gd32l23x_usart.o
    0x08002a94   0x08002a94   0x00000028   Code   RO          496    .text.usart_receive_config  gd32l23x_usart.o
    0x08002abc   0x08002abc   0x00000034   Code   RO          488    .text.usart_stop_bit_set  gd32l23x_usart.o
    0x08002af0   0x08002af0   0x00000028   Code   RO          494    .text.usart_transmit_config  gd32l23x_usart.o
    0x08002b18   0x08002b18   0x00000034   Code   RO          486    .text.usart_word_length_set  gd32l23x_usart.o
    0x08002b4c   0x08002b4c   0x0000000e   Code   RO         2152    i.__scatterload_copy  mc_p.l(handlers.o)
    0x08002b5a   0x08002b5a   0x00000002   Code   RO         2153    i.__scatterload_null  mc_p.l(handlers.o)
    0x08002b5c   0x08002b5c   0x0000000e   Code   RO         2154    i.__scatterload_zeroinit  mc_p.l(handlers.o)
    0x08002b6a   0x08002b6a   0x00000002   PAD
    0x08002b6c   0x08002b6c   0x00000054   Data   RO         2012    .rodata.DbgUartCmds  uart_dbg.o
    0x08002bc0   0x08002bc0   0x00000010   Data   RO         2009    .rodata.DefaultCfgDesc  uart_dbg.o
    0x08002bd0   0x08002bd0   0x0000000b   Data   RO         2011    .rodata.PrintCmdDesc  uart_dbg.o
    0x08002bdb   0x08002bdb   0x0000000d   Data   RO         2010    .rodata.SaveCfgDesc  uart_dbg.o
    0x08002be8   0x08002be8   0x00000023   Data   RO         2003    .rodata.SetPrintDesc  uart_dbg.o
    0x08002c0b   0x08002c0b   0x00000010   Data   RO         2008    .rodata.SetPwmConfigDesc  uart_dbg.o
    0x08002c1b   0x08002c1b   0x0000000b   Data   RO         2007    .rodata.ShowCtrlMotorDesc  uart_dbg.o
    0x08002c26   0x08002c26   0x0000000e   Data   RO         2005    .rodata.ShowDevCfgDesc  uart_dbg.o
    0x08002c34   0x08002c34   0x00000010   Data   RO         2002    .rodata.commandParaErr  uart_dbg.o
    0x08002c44   0x08002c44   0x00000008   Data   RO          441    .rodata.rcu_clock_freq_get.IRC16M_exp  gd32l23x_rcu.o
    0x08002c4c   0x08002c4c   0x00000010   Data   RO          438    .rodata.rcu_clock_freq_get.ahb_exp  gd32l23x_rcu.o
    0x08002c5c   0x08002c5c   0x00000008   Data   RO          439    .rodata.rcu_clock_freq_get.apb1_exp  gd32l23x_rcu.o
    0x08002c64   0x08002c64   0x00000008   Data   RO          440    .rodata.rcu_clock_freq_get.apb2_exp  gd32l23x_rcu.o
    0x08002c6c   0x08002c6c   0x0000003c   Data   RO           25    .rodata.str1.1      main.o
    0x08002ca8   0x08002ca8   0x0000006d   Data   RO         2006    .rodata.str1.1      uart_dbg.o
    0x08002d15   0x08002d15   0x00000057   Data   RO         2116    .rodata.str1.1      option.o
    0x08002d6c   0x08002d6c   0x00000020   Data   RO         2150    Region$$Table       anon$$obj.o


    Execution Region RW_IRAM1 (Exec base: 0x20000000, Load base: 0x08002d90, Size: 0x00000628, Max: 0x00006000, ABSOLUTE)

    Exec Addr    Load Addr    Size         Type   Attr      Idx    E Section Name        Object

    0x20000000   0x08002d90   0x00000004   Data   RW           54    .data.SystemCoreClock  system_gd32l23x.o
    0x20000004   0x08002d94   0x00000004   PAD
    0x20000008        -       0x00000002   Zero   RW           29    .bss.BatVolt        main.o
    0x2000000a        -       0x00000001   Zero   RW           32    .bss.CntFor10mS     main.o
    0x2000000b        -       0x00000001   Zero   RW           33    .bss.CntFor1S       main.o
    0x2000000c        -       0x00000004   Zero   RW           26    .bss.CntSysTick     main.o
    0x20000010        -       0x00000001   Zero   RW           21    .bss.CnvBatVol      main.o
    0x20000011        -       0x00000020   Zero   RW         2004    .bss.DBGRxBuf       uart_dbg.o
    0x20000031        -       0x00000001   Zero   RW         2001    .bss.DBGRxCache     uart_dbg.o
    0x20000032        -       0x00000001   Zero   RW         2013    .bss.DBGRxCnt       uart_dbg.o
    0x20000033        -       0x00000001   Zero   RW         2000    .bss.DBGRxDtState   uart_dbg.o
    0x20000034        -       0x00000080   Zero   RW         1997    .bss.DBGSndBuf      uart_dbg.o
    0x200000b4        -       0x00000001   Zero   RW           20    .bss.DbgSetPwrOn    main.o
    0x200000b5   0x08002d94   0x00000003   PAD
    0x200000b8        -       0x0000004c   Zero   RW           34    .bss.DevConfig      main.o
    0x20000104        -       0x00000001   Zero   RW           30    .bss.DlyCnvBatVol   main.o
    0x20000105        -       0x00000001   Zero   RW           22    .bss.DlyTkeyBL      main.o
    0x20000106        -       0x00000001   Zero   RW           27    .bss.EnSetHostInt   main.o
    0x20000107        -       0x00000001   Zero   RW         2042    .bss.GpioDbgLve     gpio.o
    0x20000108        -       0x00000010   Zero   RW         2041    .bss.Motor          gpio.o
    0x20000118        -       0x00000001   Zero   RW           23    .bss.PowerStatus    main.o
    0x20000119   0x08002d94   0x00000001   PAD
    0x2000011a        -       0x00000002   Zero   RW           24    .bss.PowerStatusDly  main.o
    0x2000011c        -       0x00000001   Zero   RW         2044    .bss.ReqMotor       gpio.o
    0x2000011d        -       0x00000001   Zero   RW         2087    .bss.ToHostDbgLve   uart_to_host.o
    0x2000011e   0x08002d94   0x00000002   PAD
    0x20000120        -       0x000000fc   Zero   RW         2088    .bss.UartHostInf    uart_to_host.o
    0x2000021c        -       0x00000001   Zero   RW           31    .bss.g_Int1mS       main.o
    0x2000021d        -       0x00000001   Zero   RW           28    .bss.lpuart_wakeup  main.o
    0x2000021e   0x08002d94   0x00000002   PAD
    0x20000220        -       0x00000004   Zero   RW         1999    .bss.pDBGCurrentSnd  uart_dbg.o
    0x20000224        -       0x00000004   Zero   RW         1998    .bss.pDBGEndOfSnd   uart_dbg.o
    0x20000228        -       0x00000400   Zero   RW         1942    STACK               startup_gd32l23x.o


==============================================================================

Image component sizes


      Code (inc. data)   RO Data    RW Data    ZI Data      Debug   Object Name

       328         20          0          0          0       3589   gd32l23x_exti.o
       498         24          0          0          0       8568   gd32l23x_fmc.o
       626          0          0          0          0       4982   gd32l23x_gpio.o
       236         24          0          0          0      10363   gd32l23x_lpuart.o
       290         16          0          0          0       4854   gd32l23x_misc.o
       176         12          0          0          0       6730   gd32l23x_pmu.o
      1632         60         40          0          0      15077   gd32l23x_rcu.o
       188         16          0          0          0       2953   gd32l23x_syscfg.o
       898         44          0          0          0      16801   gd32l23x_usart.o
       596         32          0          0         18       4973   gpio.o
      1078        120         60          0         94       4778   main.o
       496         40         87          0          0       1772   option.o
        28          8        340          0       1024        684   startup_gd32l23x.o
       212         36          0          4          0       1862   system_gd32l23x.o
       292         28          0          0          0       3524   systick.o
      2882        152        325          0        171       9137   uart_dbg.o
       220         24          0          0        253       9547   uart_to_host.o

    ----------------------------------------------------------------------
     10688        656        884          4       1572     110194   Object Totals
         0          0         32          0          0          0   (incl. Generated)
        12          0          0          0         12          0   (incl. Padding)

    ----------------------------------------------------------------------

      Code (inc. data)   RO Data    RW Data    ZI Data      Debug   Library Member Name

         0          0          0          0          0          0   entry.o
         0          0          0          0          0          0   entry10a.o
         0          0          0          0          0          0   entry11a.o
         8          4          0          0          0          0   entry2.o
         4          0          0          0          0          0   entry5.o
         0          0          0          0          0          0   entry7b.o
         0          0          0          0          0          0   entry8b.o
         8          4          0          0          0          0   entry9a.o
        30          0          0          0          0          0   handlers.o
        36          8          0          0          0         68   init.o

    ----------------------------------------------------------------------
        88         16          0          0          0         68   Library Totals
         2          0          0          0          0          0   (incl. Padding)

    ----------------------------------------------------------------------

      Code (inc. data)   RO Data    RW Data    ZI Data      Debug   Library Name

        86         16          0          0          0         68   mc_p.l

    ----------------------------------------------------------------------
        88         16          0          0          0         68   Library Totals

    ----------------------------------------------------------------------

==============================================================================


      Code (inc. data)   RO Data    RW Data    ZI Data      Debug   

     10776        672        884          4       1572     110174   Grand Totals
     10776        672        884          4       1572     110174   ELF Image Totals
     10776        672        884          4          0          0   ROM Totals

==============================================================================

    Total RO  Size (Code + RO Data)                11660 (  11.39kB)
    Total RW  Size (RW Data + ZI Data)              1576 (   1.54kB)
    Total ROM Size (Code + RO Data + RW Data)      11664 (  11.39kB)

==============================================================================

